[2025-10-17T10:02:03.240+0530][gc,init] CardTable entry size: 512
[2025-10-17T10:02:03.240+0530][gc     ] Using G1
[2025-10-17T10:02:03.245+0530][gc,init] Version: 21.0.8+9-Debian-1 (release)
[2025-10-17T10:02:03.245+0530][gc,init] CPUs: 12 total, 12 available
[2025-10-17T10:02:03.245+0530][gc,init] Memory: 15720M
[2025-10-17T10:02:03.245+0530][gc,init] Large Page Support: Disabled
[2025-10-17T10:02:03.245+0530][gc,init] NUMA Support: Disabled
[2025-10-17T10:02:03.245+0530][gc,init] Compressed Oops: Enabled (32-bit)
[2025-10-17T10:02:03.245+0530][gc,init] Heap Region Size: 1M
[2025-10-17T10:02:03.245+0530][gc,init] Heap Min Capacity: 1G
[2025-10-17T10:02:03.245+0530][gc,init] Heap Initial Capacity: 1G
[2025-10-17T10:02:03.245+0530][gc,init] Heap Max Capacity: 1G
[2025-10-17T10:02:03.245+0530][gc,init] Pre-touch: Disabled
[2025-10-17T10:02:03.245+0530][gc,init] Parallel Workers: 10
[2025-10-17T10:02:03.245+0530][gc,init] Concurrent Workers: 3
[2025-10-17T10:02:03.245+0530][gc,init] Concurrent Refinement Workers: 10
[2025-10-17T10:02:03.245+0530][gc,init] Periodic GC: Disabled
[2025-10-17T10:02:03.250+0530][gc,metaspace] CDS archive(s) mapped at: [0x00007f5273000000-0x00007f5273ca0000-0x00007f5273ca0000), size 13238272, SharedBaseAddress: 0x00007f5273000000, ArchiveRelocationMode: 1.
[2025-10-17T10:02:03.250+0530][gc,metaspace] Compressed class space mapped at: 0x00007f5274000000-0x00007f52b4000000, reserved size: 1073741824
[2025-10-17T10:02:03.250+0530][gc,metaspace] Narrow klass base: 0x00007f5273000000, Narrow klass shift: 0, Narrow klass range: 0x100000000
[2025-10-17T10:02:03.834+0530][gc,start    ] GC(0) Pause Young (Normal) (G1 Evacuation Pause)
[2025-10-17T10:02:03.834+0530][gc,task     ] GC(0) Using 10 workers of 10 for evacuation
[2025-10-17T10:02:03.844+0530][gc,phases   ] GC(0)   Pre Evacuate Collection Set: 0.1ms
[2025-10-17T10:02:03.844+0530][gc,phases   ] GC(0)   Merge Heap Roots: 0.0ms
[2025-10-17T10:02:03.844+0530][gc,phases   ] GC(0)   Evacuate Collection Set: 9.1ms
[2025-10-17T10:02:03.844+0530][gc,phases   ] GC(0)   Post Evacuate Collection Set: 0.5ms
[2025-10-17T10:02:03.844+0530][gc,phases   ] GC(0)   Other: 0.6ms
[2025-10-17T10:02:03.844+0530][gc,heap     ] GC(0) Eden regions: 51->0(44)
[2025-10-17T10:02:03.844+0530][gc,heap     ] GC(0) Survivor regions: 0->7(7)
[2025-10-17T10:02:03.844+0530][gc,heap     ] GC(0) Old regions: 2->4
[2025-10-17T10:02:03.844+0530][gc,heap     ] GC(0) Humongous regions: 0->0
[2025-10-17T10:02:03.844+0530][gc,metaspace] GC(0) Metaspace: 15643K(15872K)->15643K(15872K) NonClass: 13904K(14016K)->13904K(14016K) Class: 1738K(1856K)->1738K(1856K)
[2025-10-17T10:02:03.844+0530][gc          ] GC(0) Pause Young (Normal) (G1 Evacuation Pause) 52M->9M(1024M) 10.447ms
[2025-10-17T10:02:03.844+0530][gc,cpu      ] GC(0) User=0.03s Sys=0.07s Real=0.01s
[2025-10-17T10:02:03.991+0530][gc,start    ] GC(1) Pause Young (Concurrent Start) (Metadata GC Threshold)
[2025-10-17T10:02:03.991+0530][gc,task     ] GC(1) Using 10 workers of 10 for evacuation
[2025-10-17T10:02:03.999+0530][gc,phases   ] GC(1)   Pre Evacuate Collection Set: 0.3ms
[2025-10-17T10:02:03.999+0530][gc,phases   ] GC(1)   Merge Heap Roots: 0.0ms
[2025-10-17T10:02:03.999+0530][gc,phases   ] GC(1)   Evacuate Collection Set: 7.5ms
[2025-10-17T10:02:03.999+0530][gc,phases   ] GC(1)   Post Evacuate Collection Set: 0.3ms
[2025-10-17T10:02:03.999+0530][gc,phases   ] GC(1)   Other: 0.1ms
[2025-10-17T10:02:03.999+0530][gc,heap     ] GC(1) Eden regions: 17->0(49)
[2025-10-17T10:02:03.999+0530][gc,heap     ] GC(1) Survivor regions: 7->2(7)
[2025-10-17T10:02:03.999+0530][gc,heap     ] GC(1) Old regions: 4->11
[2025-10-17T10:02:03.999+0530][gc,heap     ] GC(1) Humongous regions: 0->0
[2025-10-17T10:02:03.999+0530][gc,metaspace] GC(1) Metaspace: 21235K(21504K)->21235K(21504K) NonClass: 18668K(18816K)->18668K(18816K) Class: 2567K(2688K)->2567K(2688K)
[2025-10-17T10:02:03.999+0530][gc          ] GC(1) Pause Young (Concurrent Start) (Metadata GC Threshold) 26M->11M(1024M) 8.298ms
[2025-10-17T10:02:03.999+0530][gc,cpu      ] GC(1) User=0.03s Sys=0.05s Real=0.02s
[2025-10-17T10:02:03.999+0530][gc          ] GC(2) Concurrent Mark Cycle
[2025-10-17T10:02:03.999+0530][gc,marking  ] GC(2) Concurrent Scan Root Regions
[2025-10-17T10:02:04.000+0530][gc,marking  ] GC(2) Concurrent Scan Root Regions 1.128ms
[2025-10-17T10:02:04.000+0530][gc,marking  ] GC(2) Concurrent Mark
[2025-10-17T10:02:04.000+0530][gc,marking  ] GC(2) Concurrent Mark From Roots
[2025-10-17T10:02:04.000+0530][gc,task     ] GC(2) Using 3 workers of 3 for marking
[2025-10-17T10:02:04.002+0530][gc,marking  ] GC(2) Concurrent Mark From Roots 1.403ms
[2025-10-17T10:02:04.002+0530][gc,marking  ] GC(2) Concurrent Preclean
[2025-10-17T10:02:04.002+0530][gc,marking  ] GC(2) Concurrent Preclean 0.007ms
[2025-10-17T10:02:04.002+0530][gc,start    ] GC(2) Pause Remark
[2025-10-17T10:02:04.003+0530][gc          ] GC(2) Pause Remark 12M->12M(1024M) 0.981ms
[2025-10-17T10:02:04.003+0530][gc,cpu      ] GC(2) User=0.00s Sys=0.00s Real=0.00s
[2025-10-17T10:02:04.003+0530][gc,marking  ] GC(2) Concurrent Mark 2.748ms
[2025-10-17T10:02:04.003+0530][gc,marking  ] GC(2) Concurrent Rebuild Remembered Sets and Scrub Regions
[2025-10-17T10:02:04.004+0530][gc,marking  ] GC(2) Concurrent Rebuild Remembered Sets and Scrub Regions 0.885ms
[2025-10-17T10:02:04.004+0530][gc,start    ] GC(2) Pause Cleanup
[2025-10-17T10:02:04.004+0530][gc          ] GC(2) Pause Cleanup 12M->12M(1024M) 0.079ms
[2025-10-17T10:02:04.004+0530][gc,cpu      ] GC(2) User=0.00s Sys=0.00s Real=0.00s
[2025-10-17T10:02:04.004+0530][gc,marking  ] GC(2) Concurrent Clear Claimed Marks
[2025-10-17T10:02:04.004+0530][gc,marking  ] GC(2) Concurrent Clear Claimed Marks 0.014ms
[2025-10-17T10:02:04.004+0530][gc,marking  ] GC(2) Concurrent Cleanup for Next Mark
[2025-10-17T10:02:04.006+0530][gc,marking  ] GC(2) Concurrent Cleanup for Next Mark 2.348ms
[2025-10-17T10:02:04.006+0530][gc          ] GC(2) Concurrent Mark Cycle 7.328ms
[2025-10-17T10:02:04.468+0530][gc,start    ] GC(3) Pause Young (Prepare Mixed) (G1 Evacuation Pause)
[2025-10-17T10:02:04.468+0530][gc,task     ] GC(3) Using 10 workers of 10 for evacuation
[2025-10-17T10:02:04.470+0530][gc,phases   ] GC(3)   Pre Evacuate Collection Set: 0.1ms
[2025-10-17T10:02:04.470+0530][gc,phases   ] GC(3)   Merge Heap Roots: 0.0ms
[2025-10-17T10:02:04.470+0530][gc,phases   ] GC(3)   Evacuate Collection Set: 1.3ms
[2025-10-17T10:02:04.470+0530][gc,phases   ] GC(3)   Post Evacuate Collection Set: 0.3ms
[2025-10-17T10:02:04.470+0530][gc,phases   ] GC(3)   Other: 0.0ms
[2025-10-17T10:02:04.470+0530][gc,heap     ] GC(3) Eden regions: 49->0(45)
[2025-10-17T10:02:04.470+0530][gc,heap     ] GC(3) Survivor regions: 2->6(7)
[2025-10-17T10:02:04.470+0530][gc,heap     ] GC(3) Old regions: 11->11
[2025-10-17T10:02:04.470+0530][gc,heap     ] GC(3) Humongous regions: 0->0
[2025-10-17T10:02:04.470+0530][gc,metaspace] GC(3) Metaspace: 33971K(34432K)->33971K(34432K) NonClass: 30080K(30336K)->30080K(30336K) Class: 3890K(4096K)->3890K(4096K)
[2025-10-17T10:02:04.470+0530][gc          ] GC(3) Pause Young (Prepare Mixed) (G1 Evacuation Pause) 60M->15M(1024M) 1.861ms
[2025-10-17T10:02:04.470+0530][gc,cpu      ] GC(3) User=0.02s Sys=0.00s Real=0.00s
[2025-10-17T10:02:04.529+0530][gc,start    ] GC(4) Pause Young (Mixed) (Metadata GC Threshold)
[2025-10-17T10:02:04.529+0530][gc,task     ] GC(4) Using 10 workers of 10 for evacuation
[2025-10-17T10:02:04.535+0530][gc,phases   ] GC(4)   Pre Evacuate Collection Set: 0.1ms
[2025-10-17T10:02:04.535+0530][gc,phases   ] GC(4)   Merge Heap Roots: 0.0ms
[2025-10-17T10:02:04.535+0530][gc,phases   ] GC(4)   Evacuate Collection Set: 5.7ms
[2025-10-17T10:02:04.535+0530][gc,phases   ] GC(4)   Post Evacuate Collection Set: 0.4ms
[2025-10-17T10:02:04.535+0530][gc,phases   ] GC(4)   Other: 0.0ms
[2025-10-17T10:02:04.535+0530][gc,heap     ] GC(4) Eden regions: 8->0(49)
[2025-10-17T10:02:04.535+0530][gc,heap     ] GC(4) Survivor regions: 6->2(7)
[2025-10-17T10:02:04.535+0530][gc,heap     ] GC(4) Old regions: 11->16
[2025-10-17T10:02:04.535+0530][gc,heap     ] GC(4) Humongous regions: 9->9
[2025-10-17T10:02:04.535+0530][gc,metaspace] GC(4) Metaspace: 35677K(36160K)->35677K(36160K) NonClass: 31556K(31808K)->31556K(31808K) Class: 4121K(4352K)->4121K(4352K)
[2025-10-17T10:02:04.535+0530][gc          ] GC(4) Pause Young (Mixed) (Metadata GC Threshold) 31M->25M(1024M) 6.321ms
[2025-10-17T10:02:04.535+0530][gc,cpu      ] GC(4) User=0.02s Sys=0.04s Real=0.01s
[2025-10-17T10:02:04.549+0530][gc,start    ] GC(5) Pause Young (Concurrent Start) (Metadata GC Threshold)
[2025-10-17T10:02:04.550+0530][gc,task     ] GC(5) Using 10 workers of 10 for evacuation
[2025-10-17T10:02:04.550+0530][gc,phases   ] GC(5)   Pre Evacuate Collection Set: 0.1ms
[2025-10-17T10:02:04.550+0530][gc,phases   ] GC(5)   Merge Heap Roots: 0.0ms
[2025-10-17T10:02:04.550+0530][gc,phases   ] GC(5)   Evacuate Collection Set: 0.6ms
[2025-10-17T10:02:04.550+0530][gc,phases   ] GC(5)   Post Evacuate Collection Set: 0.1ms
[2025-10-17T10:02:04.550+0530][gc,phases   ] GC(5)   Other: 0.0ms
[2025-10-17T10:02:04.550+0530][gc,heap     ] GC(5) Eden regions: 2->0(50)
[2025-10-17T10:02:04.550+0530][gc,heap     ] GC(5) Survivor regions: 2->1(7)
[2025-10-17T10:02:04.550+0530][gc,heap     ] GC(5) Old regions: 16->16
[2025-10-17T10:02:04.550+0530][gc,heap     ] GC(5) Humongous regions: 9->9
[2025-10-17T10:02:04.550+0530][gc,metaspace] GC(5) Metaspace: 36040K(36480K)->36040K(36480K) NonClass: 31880K(32128K)->31880K(32128K) Class: 4160K(4352K)->4160K(4352K)
[2025-10-17T10:02:04.550+0530][gc          ] GC(5) Pause Young (Concurrent Start) (Metadata GC Threshold) 27M->24M(1024M) 0.992ms
[2025-10-17T10:02:04.550+0530][gc          ] GC(6) Concurrent Mark Cycle
[2025-10-17T10:02:04.550+0530][gc,cpu      ] GC(5) User=0.00s Sys=0.00s Real=0.00s
[2025-10-17T10:02:04.551+0530][gc,marking  ] GC(6) Concurrent Scan Root Regions
[2025-10-17T10:02:04.551+0530][gc,marking  ] GC(6) Concurrent Scan Root Regions 0.728ms
[2025-10-17T10:02:04.551+0530][gc,marking  ] GC(6) Concurrent Mark
[2025-10-17T10:02:04.551+0530][gc,marking  ] GC(6) Concurrent Mark From Roots
[2025-10-17T10:02:04.551+0530][gc,task     ] GC(6) Using 3 workers of 3 for marking
[2025-10-17T10:02:04.558+0530][gc,marking  ] GC(6) Concurrent Mark From Roots 6.507ms
[2025-10-17T10:02:04.558+0530][gc,marking  ] GC(6) Concurrent Preclean
[2025-10-17T10:02:04.558+0530][gc,marking  ] GC(6) Concurrent Preclean 0.049ms
[2025-10-17T10:02:04.558+0530][gc,start    ] GC(6) Pause Remark
[2025-10-17T10:02:04.559+0530][gc          ] GC(6) Pause Remark 26M->26M(1024M) 1.055ms
[2025-10-17T10:02:04.559+0530][gc,cpu      ] GC(6) User=0.01s Sys=0.01s Real=0.01s
[2025-10-17T10:02:04.559+0530][gc,marking  ] GC(6) Concurrent Mark 7.879ms
[2025-10-17T10:02:04.559+0530][gc,marking  ] GC(6) Concurrent Rebuild Remembered Sets and Scrub Regions
[2025-10-17T10:02:04.562+0530][gc,marking  ] GC(6) Concurrent Rebuild Remembered Sets and Scrub Regions 2.543ms
[2025-10-17T10:02:04.562+0530][gc,start    ] GC(6) Pause Cleanup
[2025-10-17T10:02:04.562+0530][gc          ] GC(6) Pause Cleanup 27M->27M(1024M) 0.089ms
[2025-10-17T10:02:04.562+0530][gc,cpu      ] GC(6) User=0.00s Sys=0.00s Real=0.00s
[2025-10-17T10:02:04.562+0530][gc,marking  ] GC(6) Concurrent Clear Claimed Marks
[2025-10-17T10:02:04.562+0530][gc,marking  ] GC(6) Concurrent Clear Claimed Marks 0.036ms
[2025-10-17T10:02:04.562+0530][gc,marking  ] GC(6) Concurrent Cleanup for Next Mark
[2025-10-17T10:02:04.563+0530][gc,marking  ] GC(6) Concurrent Cleanup for Next Mark 0.777ms
[2025-10-17T10:02:04.563+0530][gc          ] GC(6) Concurrent Mark Cycle 12.193ms
[2025-10-17T10:02:04.818+0530][gc,start    ] GC(7) Pause Young (Prepare Mixed) (G1 Evacuation Pause)
[2025-10-17T10:02:04.818+0530][gc,task     ] GC(7) Using 10 workers of 10 for evacuation
[2025-10-17T10:02:04.820+0530][gc,phases   ] GC(7)   Pre Evacuate Collection Set: 0.1ms
[2025-10-17T10:02:04.821+0530][gc,phases   ] GC(7)   Merge Heap Roots: 0.0ms
[2025-10-17T10:02:04.821+0530][gc,phases   ] GC(7)   Evacuate Collection Set: 1.9ms
[2025-10-17T10:02:04.821+0530][gc,phases   ] GC(7)   Post Evacuate Collection Set: 0.3ms
[2025-10-17T10:02:04.821+0530][gc,phases   ] GC(7)   Other: 0.0ms
[2025-10-17T10:02:04.821+0530][gc,heap     ] GC(7) Eden regions: 50->0(44)
[2025-10-17T10:02:04.821+0530][gc,heap     ] GC(7) Survivor regions: 1->7(7)
[2025-10-17T10:02:04.821+0530][gc,heap     ] GC(7) Old regions: 16->17
[2025-10-17T10:02:04.821+0530][gc,heap     ] GC(7) Humongous regions: 138->138
[2025-10-17T10:02:04.821+0530][gc,metaspace] GC(7) Metaspace: 43412K(44224K)->43412K(44224K) NonClass: 38346K(38848K)->38346K(38848K) Class: 5065K(5376K)->5065K(5376K)
[2025-10-17T10:02:04.821+0530][gc          ] GC(7) Pause Young (Prepare Mixed) (G1 Evacuation Pause) 203M->161M(1024M) 2.532ms
[2025-10-17T10:02:04.821+0530][gc,cpu      ] GC(7) User=0.02s Sys=0.00s Real=0.01s
[2025-10-17T10:02:41.549+0530][gc,start    ] GC(8) Pause Young (Mixed) (G1 Evacuation Pause)
[2025-10-17T10:02:41.549+0530][gc,task     ] GC(8) Using 10 workers of 10 for evacuation
[2025-10-17T10:02:41.558+0530][gc,phases   ] GC(8)   Pre Evacuate Collection Set: 0.2ms
[2025-10-17T10:02:41.558+0530][gc,phases   ] GC(8)   Merge Heap Roots: 0.0ms
[2025-10-17T10:02:41.558+0530][gc,phases   ] GC(8)   Evacuate Collection Set: 7.4ms
[2025-10-17T10:02:41.558+0530][gc,phases   ] GC(8)   Post Evacuate Collection Set: 0.6ms
[2025-10-17T10:02:41.558+0530][gc,phases   ] GC(8)   Other: 0.0ms
[2025-10-17T10:02:41.558+0530][gc,heap     ] GC(8) Eden regions: 44->0(47)
[2025-10-17T10:02:41.558+0530][gc,heap     ] GC(8) Survivor regions: 7->4(7)
[2025-10-17T10:02:41.558+0530][gc,heap     ] GC(8) Old regions: 17->24
[2025-10-17T10:02:41.558+0530][gc,heap     ] GC(8) Humongous regions: 140->140
[2025-10-17T10:02:41.558+0530][gc,metaspace] GC(8) Metaspace: 48401K(49536K)->48401K(49536K) NonClass: 42608K(43264K)->42608K(43264K) Class: 5792K(6272K)->5792K(6272K)
[2025-10-17T10:02:41.558+0530][gc          ] GC(8) Pause Young (Mixed) (G1 Evacuation Pause) 207M->167M(1024M) 8.367ms
[2025-10-17T10:02:41.558+0530][gc,cpu      ] GC(8) User=0.06s Sys=0.02s Real=0.01s
[2025-10-17T10:05:59.835+0530][gc,start    ] GC(9) Pause Young (Normal) (G1 Evacuation Pause)
[2025-10-17T10:05:59.835+0530][gc,task     ] GC(9) Using 10 workers of 10 for evacuation
[2025-10-17T10:05:59.837+0530][gc,phases   ] GC(9)   Pre Evacuate Collection Set: 0.3ms
[2025-10-17T10:05:59.837+0530][gc,phases   ] GC(9)   Merge Heap Roots: 0.1ms
[2025-10-17T10:05:59.837+0530][gc,phases   ] GC(9)   Evacuate Collection Set: 1.5ms
[2025-10-17T10:05:59.837+0530][gc,phases   ] GC(9)   Post Evacuate Collection Set: 0.4ms
[2025-10-17T10:05:59.837+0530][gc,phases   ] GC(9)   Other: 0.0ms
[2025-10-17T10:05:59.837+0530][gc,heap     ] GC(9) Eden regions: 47->0(46)
[2025-10-17T10:05:59.837+0530][gc,heap     ] GC(9) Survivor regions: 4->5(7)
[2025-10-17T10:05:59.837+0530][gc,heap     ] GC(9) Old regions: 24->24
[2025-10-17T10:05:59.837+0530][gc,heap     ] GC(9) Humongous regions: 140->140
[2025-10-17T10:05:59.837+0530][gc,metaspace] GC(9) Metaspace: 50221K(51392K)->50221K(51392K) NonClass: 44346K(44992K)->44346K(44992K) Class: 5874K(6400K)->5874K(6400K)
[2025-10-17T10:05:59.837+0530][gc          ] GC(9) Pause Young (Normal) (G1 Evacuation Pause) 214M->168M(1024M) 2.420ms
[2025-10-17T10:05:59.837+0530][gc,cpu      ] GC(9) User=0.02s Sys=0.00s Real=0.00s
[2025-10-17T10:09:34.491+0530][gc,start    ] GC(10) Pause Young (Normal) (G1 Evacuation Pause)
[2025-10-17T10:09:34.491+0530][gc,task     ] GC(10) Using 10 workers of 10 for evacuation
[2025-10-17T10:09:34.497+0530][gc,phases   ] GC(10)   Pre Evacuate Collection Set: 0.2ms
[2025-10-17T10:09:34.497+0530][gc,phases   ] GC(10)   Merge Heap Roots: 0.1ms
[2025-10-17T10:09:34.497+0530][gc,phases   ] GC(10)   Evacuate Collection Set: 4.8ms
[2025-10-17T10:09:34.497+0530][gc,phases   ] GC(10)   Post Evacuate Collection Set: 0.6ms
[2025-10-17T10:09:34.497+0530][gc,phases   ] GC(10)   Other: 0.1ms
[2025-10-17T10:09:34.497+0530][gc,heap     ] GC(10) Eden regions: 46->0(47)
[2025-10-17T10:09:34.497+0530][gc,heap     ] GC(10) Survivor regions: 5->4(7)
[2025-10-17T10:09:34.497+0530][gc,heap     ] GC(10) Old regions: 24->27
[2025-10-17T10:09:34.497+0530][gc,heap     ] GC(10) Humongous regions: 140->140
[2025-10-17T10:09:34.497+0530][gc,metaspace] GC(10) Metaspace: 50447K(51584K)->50447K(51584K) NonClass: 44572K(45184K)->44572K(45184K) Class: 5874K(6400K)->5874K(6400K)
[2025-10-17T10:09:34.497+0530][gc          ] GC(10) Pause Young (Normal) (G1 Evacuation Pause) 214M->169M(1024M) 6.134ms
[2025-10-17T10:09:34.497+0530][gc,cpu      ] GC(10) User=0.05s Sys=0.00s Real=0.01s
[2025-10-17T10:11:09.934+0530][gc,heap,exit] Heap
[2025-10-17T10:11:09.934+0530][gc,heap,exit]  garbage-first heap   total 1048576K, used 207172K [0x00000000c0000000, 0x0000000100000000)
[2025-10-17T10:11:09.934+0530][gc,heap,exit]   region size 1024K, 37 young (37888K), 4 survivors (4096K)
[2025-10-17T10:11:09.934+0530][gc,heap,exit]  Metaspace       used 51733K, committed 52864K, reserved 1114112K
[2025-10-17T10:11:09.934+0530][gc,heap,exit]   class space    used 6124K, committed 6656K, reserved 1048576K
