[2025-10-07T08:14:44.853+0530][gc,init] CardTable entry size: 512
[2025-10-07T08:14:44.853+0530][gc     ] Using G1
[2025-10-07T08:14:44.861+0530][gc,init] Version: 21.0.8+9-Debian-1 (release)
[2025-10-07T08:14:44.861+0530][gc,init] CPUs: 12 total, 12 available
[2025-10-07T08:14:44.861+0530][gc,init] Memory: 15720M
[2025-10-07T08:14:44.861+0530][gc,init] Large Page Support: Disabled
[2025-10-07T08:14:44.861+0530][gc,init] NUMA Support: Disabled
[2025-10-07T08:14:44.861+0530][gc,init] Compressed Oops: Enabled (32-bit)
[2025-10-07T08:14:44.861+0530][gc,init] Heap Region Size: 1M
[2025-10-07T08:14:44.861+0530][gc,init] Heap Min Capacity: 1G
[2025-10-07T08:14:44.861+0530][gc,init] Heap Initial Capacity: 1G
[2025-10-07T08:14:44.861+0530][gc,init] Heap Max Capacity: 1G
[2025-10-07T08:14:44.861+0530][gc,init] Pre-touch: Disabled
[2025-10-07T08:14:44.861+0530][gc,init] Parallel Workers: 10
[2025-10-07T08:14:44.861+0530][gc,init] Concurrent Workers: 3
[2025-10-07T08:14:44.861+0530][gc,init] Concurrent Refinement Workers: 10
[2025-10-07T08:14:44.861+0530][gc,init] Periodic GC: Disabled
[2025-10-07T08:14:44.869+0530][gc,metaspace] CDS archive(s) mapped at: [0x00007f4fdf000000-0x00007f4fdfca0000-0x00007f4fdfca0000), size 13238272, SharedBaseAddress: 0x00007f4fdf000000, ArchiveRelocationMode: 1.
[2025-10-07T08:14:44.870+0530][gc,metaspace] Compressed class space mapped at: 0x00007f4fe0000000-0x00007f5020000000, reserved size: 1073741824
[2025-10-07T08:14:44.870+0530][gc,metaspace] Narrow klass base: 0x00007f4fdf000000, Narrow klass shift: 0, Narrow klass range: 0x100000000
[2025-10-07T08:14:45.948+0530][gc,start    ] GC(0) Pause Young (Normal) (G1 Evacuation Pause)
[2025-10-07T08:14:45.949+0530][gc,task     ] GC(0) Using 10 workers of 10 for evacuation
[2025-10-07T08:14:45.960+0530][gc,phases   ] GC(0)   Pre Evacuate Collection Set: 0.2ms
[2025-10-07T08:14:45.960+0530][gc,phases   ] GC(0)   Merge Heap Roots: 0.1ms
[2025-10-07T08:14:45.960+0530][gc,phases   ] GC(0)   Evacuate Collection Set: 9.8ms
[2025-10-07T08:14:45.960+0530][gc,phases   ] GC(0)   Post Evacuate Collection Set: 0.6ms
[2025-10-07T08:14:45.960+0530][gc,phases   ] GC(0)   Other: 1.0ms
[2025-10-07T08:14:45.960+0530][gc,heap     ] GC(0) Eden regions: 51->0(44)
[2025-10-07T08:14:45.960+0530][gc,heap     ] GC(0) Survivor regions: 0->7(7)
[2025-10-07T08:14:45.960+0530][gc,heap     ] GC(0) Old regions: 2->4
[2025-10-07T08:14:45.960+0530][gc,heap     ] GC(0) Humongous regions: 0->0
[2025-10-07T08:14:45.960+0530][gc,metaspace] GC(0) Metaspace: 15566K(15808K)->15566K(15808K) NonClass: 13832K(13952K)->13832K(13952K) Class: 1734K(1856K)->1734K(1856K)
[2025-10-07T08:14:45.960+0530][gc          ] GC(0) Pause Young (Normal) (G1 Evacuation Pause) 52M->9M(1024M) 11.927ms
[2025-10-07T08:14:45.960+0530][gc,cpu      ] GC(0) User=0.06s Sys=0.04s Real=0.02s
[2025-10-07T08:14:46.244+0530][gc,start    ] GC(1) Pause Young (Concurrent Start) (Metadata GC Threshold)
[2025-10-07T08:14:46.245+0530][gc,task     ] GC(1) Using 10 workers of 10 for evacuation
[2025-10-07T08:14:46.254+0530][gc,phases   ] GC(1)   Pre Evacuate Collection Set: 0.3ms
[2025-10-07T08:14:46.254+0530][gc,phases   ] GC(1)   Merge Heap Roots: 0.0ms
[2025-10-07T08:14:46.254+0530][gc,phases   ] GC(1)   Evacuate Collection Set: 8.9ms
[2025-10-07T08:14:46.254+0530][gc,phases   ] GC(1)   Post Evacuate Collection Set: 0.5ms
[2025-10-07T08:14:46.254+0530][gc,phases   ] GC(1)   Other: 0.1ms
[2025-10-07T08:14:46.254+0530][gc,heap     ] GC(1) Eden regions: 17->0(49)
[2025-10-07T08:14:46.254+0530][gc,heap     ] GC(1) Survivor regions: 7->2(7)
[2025-10-07T08:14:46.254+0530][gc,heap     ] GC(1) Old regions: 4->11
[2025-10-07T08:14:46.254+0530][gc,heap     ] GC(1) Humongous regions: 0->0
[2025-10-07T08:14:46.254+0530][gc,metaspace] GC(1) Metaspace: 21246K(21504K)->21246K(21504K) NonClass: 18676K(18816K)->18676K(18816K) Class: 2570K(2688K)->2570K(2688K)
[2025-10-07T08:14:46.254+0530][gc          ] GC(1) Pause Young (Concurrent Start) (Metadata GC Threshold) 26M->11M(1024M) 9.993ms
[2025-10-07T08:14:46.254+0530][gc,cpu      ] GC(1) User=0.01s Sys=0.07s Real=0.01s
[2025-10-07T08:14:46.254+0530][gc          ] GC(2) Concurrent Mark Cycle
[2025-10-07T08:14:46.255+0530][gc,marking  ] GC(2) Concurrent Scan Root Regions
[2025-10-07T08:14:46.257+0530][gc,marking  ] GC(2) Concurrent Scan Root Regions 2.106ms
[2025-10-07T08:14:46.257+0530][gc,marking  ] GC(2) Concurrent Mark
[2025-10-07T08:14:46.257+0530][gc,marking  ] GC(2) Concurrent Mark From Roots
[2025-10-07T08:14:46.257+0530][gc,task     ] GC(2) Using 3 workers of 3 for marking
[2025-10-07T08:14:46.259+0530][gc,marking  ] GC(2) Concurrent Mark From Roots 2.131ms
[2025-10-07T08:14:46.259+0530][gc,marking  ] GC(2) Concurrent Preclean
[2025-10-07T08:14:46.259+0530][gc,marking  ] GC(2) Concurrent Preclean 0.012ms
[2025-10-07T08:14:46.259+0530][gc,start    ] GC(2) Pause Remark
[2025-10-07T08:14:46.261+0530][gc          ] GC(2) Pause Remark 12M->12M(1024M) 1.508ms
[2025-10-07T08:14:46.261+0530][gc,cpu      ] GC(2) User=0.00s Sys=0.00s Real=0.00s
[2025-10-07T08:14:46.261+0530][gc,marking  ] GC(2) Concurrent Mark 3.911ms
[2025-10-07T08:14:46.261+0530][gc,marking  ] GC(2) Concurrent Rebuild Remembered Sets and Scrub Regions
[2025-10-07T08:14:46.263+0530][gc,marking  ] GC(2) Concurrent Rebuild Remembered Sets and Scrub Regions 2.006ms
[2025-10-07T08:14:46.263+0530][gc,start    ] GC(2) Pause Cleanup
[2025-10-07T08:14:46.263+0530][gc          ] GC(2) Pause Cleanup 12M->12M(1024M) 0.181ms
[2025-10-07T08:14:46.263+0530][gc,cpu      ] GC(2) User=0.00s Sys=0.00s Real=0.00s
[2025-10-07T08:14:46.263+0530][gc,marking  ] GC(2) Concurrent Clear Claimed Marks
[2025-10-07T08:14:46.263+0530][gc,marking  ] GC(2) Concurrent Clear Claimed Marks 0.026ms
[2025-10-07T08:14:46.263+0530][gc,marking  ] GC(2) Concurrent Cleanup for Next Mark
[2025-10-07T08:14:46.267+0530][gc,marking  ] GC(2) Concurrent Cleanup for Next Mark 3.551ms
[2025-10-07T08:14:46.267+0530][gc          ] GC(2) Concurrent Mark Cycle 12.149ms
[2025-10-07T08:14:47.142+0530][gc,start    ] GC(3) Pause Young (Prepare Mixed) (G1 Evacuation Pause)
[2025-10-07T08:14:47.142+0530][gc,task     ] GC(3) Using 10 workers of 10 for evacuation
[2025-10-07T08:14:47.145+0530][gc,phases   ] GC(3)   Pre Evacuate Collection Set: 0.2ms
[2025-10-07T08:14:47.145+0530][gc,phases   ] GC(3)   Merge Heap Roots: 0.1ms
[2025-10-07T08:14:47.145+0530][gc,phases   ] GC(3)   Evacuate Collection Set: 2.9ms
[2025-10-07T08:14:47.145+0530][gc,phases   ] GC(3)   Post Evacuate Collection Set: 0.5ms
[2025-10-07T08:14:47.145+0530][gc,phases   ] GC(3)   Other: 0.1ms
[2025-10-07T08:14:47.145+0530][gc,heap     ] GC(3) Eden regions: 49->0(45)
[2025-10-07T08:14:47.145+0530][gc,heap     ] GC(3) Survivor regions: 2->6(7)
[2025-10-07T08:14:47.145+0530][gc,heap     ] GC(3) Old regions: 11->11
[2025-10-07T08:14:47.145+0530][gc,heap     ] GC(3) Humongous regions: 0->0
[2025-10-07T08:14:47.145+0530][gc,metaspace] GC(3) Metaspace: 33956K(34432K)->33956K(34432K) NonClass: 30061K(30336K)->30061K(30336K) Class: 3894K(4096K)->3894K(4096K)
[2025-10-07T08:14:47.145+0530][gc          ] GC(3) Pause Young (Prepare Mixed) (G1 Evacuation Pause) 60M->15M(1024M) 3.918ms
[2025-10-07T08:14:47.145+0530][gc,cpu      ] GC(3) User=0.03s Sys=0.00s Real=0.00s
[2025-10-07T08:14:47.250+0530][gc,start    ] GC(4) Pause Young (Mixed) (Metadata GC Threshold)
[2025-10-07T08:14:47.250+0530][gc,task     ] GC(4) Using 10 workers of 10 for evacuation
[2025-10-07T08:14:47.256+0530][gc,phases   ] GC(4)   Pre Evacuate Collection Set: 0.3ms
[2025-10-07T08:14:47.256+0530][gc,phases   ] GC(4)   Merge Heap Roots: 0.0ms
[2025-10-07T08:14:47.256+0530][gc,phases   ] GC(4)   Evacuate Collection Set: 5.5ms
[2025-10-07T08:14:47.256+0530][gc,phases   ] GC(4)   Post Evacuate Collection Set: 0.4ms
[2025-10-07T08:14:47.256+0530][gc,phases   ] GC(4)   Other: 0.0ms
[2025-10-07T08:14:47.256+0530][gc,heap     ] GC(4) Eden regions: 8->0(50)
[2025-10-07T08:14:47.256+0530][gc,heap     ] GC(4) Survivor regions: 6->1(7)
[2025-10-07T08:14:47.256+0530][gc,heap     ] GC(4) Old regions: 11->16
[2025-10-07T08:14:47.256+0530][gc,heap     ] GC(4) Humongous regions: 9->9
[2025-10-07T08:14:47.256+0530][gc,metaspace] GC(4) Metaspace: 35617K(36096K)->35617K(36096K) NonClass: 31492K(31744K)->31492K(31744K) Class: 4124K(4352K)->4124K(4352K)
[2025-10-07T08:14:47.256+0530][gc          ] GC(4) Pause Young (Mixed) (Metadata GC Threshold) 32M->25M(1024M) 6.345ms
[2025-10-07T08:14:47.256+0530][gc,cpu      ] GC(4) User=0.02s Sys=0.03s Real=0.00s
[2025-10-07T08:14:47.284+0530][gc,start    ] GC(5) Pause Young (Concurrent Start) (Metadata GC Threshold)
[2025-10-07T08:14:47.284+0530][gc,task     ] GC(5) Using 10 workers of 10 for evacuation
[2025-10-07T08:14:47.286+0530][gc,phases   ] GC(5)   Pre Evacuate Collection Set: 0.5ms
[2025-10-07T08:14:47.286+0530][gc,phases   ] GC(5)   Merge Heap Roots: 0.0ms
[2025-10-07T08:14:47.286+0530][gc,phases   ] GC(5)   Evacuate Collection Set: 0.8ms
[2025-10-07T08:14:47.286+0530][gc,phases   ] GC(5)   Post Evacuate Collection Set: 0.4ms
[2025-10-07T08:14:47.286+0530][gc,phases   ] GC(5)   Other: 0.0ms
[2025-10-07T08:14:47.286+0530][gc,heap     ] GC(5) Eden regions: 2->0(50)
[2025-10-07T08:14:47.286+0530][gc,heap     ] GC(5) Survivor regions: 1->1(7)
[2025-10-07T08:14:47.286+0530][gc,heap     ] GC(5) Old regions: 16->16
[2025-10-07T08:14:47.286+0530][gc,heap     ] GC(5) Humongous regions: 9->9
[2025-10-07T08:14:47.286+0530][gc,metaspace] GC(5) Metaspace: 35985K(36416K)->35985K(36416K) NonClass: 31826K(32064K)->31826K(32064K) Class: 4159K(4352K)->4159K(4352K)
[2025-10-07T08:14:47.286+0530][gc          ] GC(5) Pause Young (Concurrent Start) (Metadata GC Threshold) 26M->24M(1024M) 1.986ms
[2025-10-07T08:14:47.286+0530][gc,cpu      ] GC(5) User=0.01s Sys=0.00s Real=0.00s
[2025-10-07T08:14:47.286+0530][gc          ] GC(6) Concurrent Mark Cycle
[2025-10-07T08:14:47.286+0530][gc,marking  ] GC(6) Concurrent Scan Root Regions
[2025-10-07T08:14:47.287+0530][gc,marking  ] GC(6) Concurrent Scan Root Regions 1.149ms
[2025-10-07T08:14:47.287+0530][gc,marking  ] GC(6) Concurrent Mark
[2025-10-07T08:14:47.287+0530][gc,marking  ] GC(6) Concurrent Mark From Roots
[2025-10-07T08:14:47.287+0530][gc,task     ] GC(6) Using 3 workers of 3 for marking
[2025-10-07T08:14:47.298+0530][gc,marking  ] GC(6) Concurrent Mark From Roots 11.049ms
[2025-10-07T08:14:47.298+0530][gc,marking  ] GC(6) Concurrent Preclean
[2025-10-07T08:14:47.298+0530][gc,marking  ] GC(6) Concurrent Preclean 0.078ms
[2025-10-07T08:14:47.298+0530][gc,start    ] GC(6) Pause Remark
[2025-10-07T08:14:47.303+0530][gc          ] GC(6) Pause Remark 26M->26M(1024M) 4.409ms
[2025-10-07T08:14:47.303+0530][gc,cpu      ] GC(6) User=0.02s Sys=0.00s Real=0.00s
[2025-10-07T08:14:47.303+0530][gc,marking  ] GC(6) Concurrent Mark 15.798ms
[2025-10-07T08:14:47.303+0530][gc,marking  ] GC(6) Concurrent Rebuild Remembered Sets and Scrub Regions
[2025-10-07T08:14:47.308+0530][gc,marking  ] GC(6) Concurrent Rebuild Remembered Sets and Scrub Regions 5.282ms
[2025-10-07T08:14:47.308+0530][gc,start    ] GC(6) Pause Cleanup
[2025-10-07T08:14:47.308+0530][gc          ] GC(6) Pause Cleanup 27M->27M(1024M) 0.150ms
[2025-10-07T08:14:47.308+0530][gc,cpu      ] GC(6) User=0.00s Sys=0.00s Real=0.00s
[2025-10-07T08:14:47.308+0530][gc,marking  ] GC(6) Concurrent Clear Claimed Marks
[2025-10-07T08:14:47.309+0530][gc,marking  ] GC(6) Concurrent Clear Claimed Marks 0.059ms
[2025-10-07T08:14:47.309+0530][gc,marking  ] GC(6) Concurrent Cleanup for Next Mark
[2025-10-07T08:14:47.309+0530][gc,marking  ] GC(6) Concurrent Cleanup for Next Mark 0.689ms
[2025-10-07T08:14:47.309+0530][gc          ] GC(6) Concurrent Mark Cycle 23.584ms
[2025-10-07T08:14:47.807+0530][gc,start    ] GC(7) Pause Young (Prepare Mixed) (G1 Evacuation Pause)
[2025-10-07T08:14:47.807+0530][gc,task     ] GC(7) Using 10 workers of 10 for evacuation
[2025-10-07T08:14:47.812+0530][gc,phases   ] GC(7)   Pre Evacuate Collection Set: 0.3ms
[2025-10-07T08:14:47.812+0530][gc,phases   ] GC(7)   Merge Heap Roots: 0.1ms
[2025-10-07T08:14:47.812+0530][gc,phases   ] GC(7)   Evacuate Collection Set: 3.6ms
[2025-10-07T08:14:47.812+0530][gc,phases   ] GC(7)   Post Evacuate Collection Set: 0.7ms
[2025-10-07T08:14:47.812+0530][gc,phases   ] GC(7)   Other: 0.1ms
[2025-10-07T08:14:47.812+0530][gc,heap     ] GC(7) Eden regions: 50->0(44)
[2025-10-07T08:14:47.812+0530][gc,heap     ] GC(7) Survivor regions: 1->7(7)
[2025-10-07T08:14:47.812+0530][gc,heap     ] GC(7) Old regions: 16->17
[2025-10-07T08:14:47.812+0530][gc,heap     ] GC(7) Humongous regions: 138->138
[2025-10-07T08:14:47.812+0530][gc,metaspace] GC(7) Metaspace: 43295K(44096K)->43295K(44096K) NonClass: 38247K(38720K)->38247K(38720K) Class: 5047K(5376K)->5047K(5376K)
[2025-10-07T08:14:47.812+0530][gc          ] GC(7) Pause Young (Prepare Mixed) (G1 Evacuation Pause) 203M->161M(1024M) 4.937ms
[2025-10-07T08:14:47.812+0530][gc,cpu      ] GC(7) User=0.04s Sys=0.00s Real=0.01s
[2025-10-07T08:15:58.862+0530][gc,start    ] GC(8) Pause Young (Mixed) (G1 Evacuation Pause)
[2025-10-07T08:15:58.862+0530][gc,task     ] GC(8) Using 10 workers of 10 for evacuation
[2025-10-07T08:15:58.872+0530][gc,phases   ] GC(8)   Pre Evacuate Collection Set: 0.1ms
[2025-10-07T08:15:58.872+0530][gc,phases   ] GC(8)   Merge Heap Roots: 0.1ms
[2025-10-07T08:15:58.872+0530][gc,phases   ] GC(8)   Evacuate Collection Set: 9.2ms
[2025-10-07T08:15:58.872+0530][gc,phases   ] GC(8)   Post Evacuate Collection Set: 0.6ms
[2025-10-07T08:15:58.872+0530][gc,phases   ] GC(8)   Other: 0.1ms
[2025-10-07T08:15:58.872+0530][gc,heap     ] GC(8) Eden regions: 44->0(47)
[2025-10-07T08:15:58.872+0530][gc,heap     ] GC(8) Survivor regions: 7->4(7)
[2025-10-07T08:15:58.872+0530][gc,heap     ] GC(8) Old regions: 17->24
[2025-10-07T08:15:58.872+0530][gc,heap     ] GC(8) Humongous regions: 139->139
[2025-10-07T08:15:58.872+0530][gc,metaspace] GC(8) Metaspace: 48295K(49408K)->48295K(49408K) NonClass: 42538K(43136K)->42538K(43136K) Class: 5756K(6272K)->5756K(6272K)
[2025-10-07T08:15:58.872+0530][gc          ] GC(8) Pause Young (Mixed) (G1 Evacuation Pause) 206M->165M(1024M) 10.145ms
[2025-10-07T08:15:58.872+0530][gc,cpu      ] GC(8) User=0.06s Sys=0.01s Real=0.01s
[2025-10-07T08:20:48.105+0530][gc,start    ] GC(9) Pause Young (Normal) (G1 Evacuation Pause)
[2025-10-07T08:20:48.105+0530][gc,task     ] GC(9) Using 10 workers of 10 for evacuation
[2025-10-07T08:20:48.108+0530][gc,phases   ] GC(9)   Pre Evacuate Collection Set: 0.2ms
[2025-10-07T08:20:48.108+0530][gc,phases   ] GC(9)   Merge Heap Roots: 0.1ms
[2025-10-07T08:20:48.108+0530][gc,phases   ] GC(9)   Evacuate Collection Set: 1.9ms
[2025-10-07T08:20:48.108+0530][gc,phases   ] GC(9)   Post Evacuate Collection Set: 0.4ms
[2025-10-07T08:20:48.108+0530][gc,phases   ] GC(9)   Other: 0.1ms
[2025-10-07T08:20:48.108+0530][gc,heap     ] GC(9) Eden regions: 47->0(46)
[2025-10-07T08:20:48.108+0530][gc,heap     ] GC(9) Survivor regions: 4->5(7)
[2025-10-07T08:20:48.108+0530][gc,heap     ] GC(9) Old regions: 24->24
[2025-10-07T08:20:48.108+0530][gc,heap     ] GC(9) Humongous regions: 139->139
[2025-10-07T08:20:48.108+0530][gc,metaspace] GC(9) Metaspace: 50178K(51328K)->50178K(51328K) NonClass: 44347K(44992K)->44347K(44992K) Class: 5831K(6336K)->5831K(6336K)
[2025-10-07T08:20:48.108+0530][gc          ] GC(9) Pause Young (Normal) (G1 Evacuation Pause) 212M->167M(1024M) 2.897ms
[2025-10-07T08:20:48.108+0530][gc,cpu      ] GC(9) User=0.02s Sys=0.00s Real=0.00s
[2025-10-07T08:25:48.401+0530][gc,start    ] GC(10) Pause Young (Normal) (G1 Evacuation Pause)
[2025-10-07T08:25:48.401+0530][gc,task     ] GC(10) Using 10 workers of 10 for evacuation
[2025-10-07T08:25:48.405+0530][gc,phases   ] GC(10)   Pre Evacuate Collection Set: 0.3ms
[2025-10-07T08:25:48.405+0530][gc,phases   ] GC(10)   Merge Heap Roots: 0.1ms
[2025-10-07T08:25:48.405+0530][gc,phases   ] GC(10)   Evacuate Collection Set: 3.0ms
[2025-10-07T08:25:48.405+0530][gc,phases   ] GC(10)   Post Evacuate Collection Set: 0.4ms
[2025-10-07T08:25:48.405+0530][gc,phases   ] GC(10)   Other: 0.1ms
[2025-10-07T08:25:48.405+0530][gc,heap     ] GC(10) Eden regions: 46->0(48)
[2025-10-07T08:25:48.405+0530][gc,heap     ] GC(10) Survivor regions: 5->3(7)
[2025-10-07T08:25:48.405+0530][gc,heap     ] GC(10) Old regions: 24->27
[2025-10-07T08:25:48.405+0530][gc,heap     ] GC(10) Humongous regions: 139->139
[2025-10-07T08:25:48.405+0530][gc,metaspace] GC(10) Metaspace: 50365K(51456K)->50365K(51456K) NonClass: 44520K(45120K)->44520K(45120K) Class: 5844K(6336K)->5844K(6336K)
[2025-10-07T08:25:48.405+0530][gc          ] GC(10) Pause Young (Normal) (G1 Evacuation Pause) 213M->168M(1024M) 3.954ms
[2025-10-07T08:25:48.405+0530][gc,cpu      ] GC(10) User=0.03s Sys=0.00s Real=0.00s
[2025-10-07T08:25:48.797+0530][gc,heap,exit] Heap
[2025-10-07T08:25:48.797+0530][gc,heap,exit]  garbage-first heap   total 1048576K, used 190485K [0x00000000c0000000, 0x0000000100000000)
[2025-10-07T08:25:48.797+0530][gc,heap,exit]   region size 1024K, 21 young (21504K), 3 survivors (3072K)
[2025-10-07T08:25:48.797+0530][gc,heap,exit]  Metaspace       used 51628K, committed 52800K, reserved 1114112K
[2025-10-07T08:25:48.797+0530][gc,heap,exit]   class space    used 6103K, committed 6592K, reserved 1048576K
