[2025-10-18T21:02:29.658+0530][gc,init] CardTable entry size: 512
[2025-10-18T21:02:29.658+0530][gc     ] Using G1
[2025-10-18T21:02:29.663+0530][gc,init] Version: 21.0.8+9-Debian-1 (release)
[2025-10-18T21:02:29.663+0530][gc,init] CPUs: 12 total, 12 available
[2025-10-18T21:02:29.663+0530][gc,init] Memory: 15720M
[2025-10-18T21:02:29.663+0530][gc,init] Large Page Support: Disabled
[2025-10-18T21:02:29.663+0530][gc,init] NUMA Support: Disabled
[2025-10-18T21:02:29.663+0530][gc,init] Compressed Oops: Enabled (32-bit)
[2025-10-18T21:02:29.663+0530][gc,init] Heap Region Size: 1M
[2025-10-18T21:02:29.663+0530][gc,init] Heap Min Capacity: 1G
[2025-10-18T21:02:29.663+0530][gc,init] Heap Initial Capacity: 1G
[2025-10-18T21:02:29.663+0530][gc,init] Heap Max Capacity: 1G
[2025-10-18T21:02:29.663+0530][gc,init] Pre-touch: Disabled
[2025-10-18T21:02:29.663+0530][gc,init] Parallel Workers: 10
[2025-10-18T21:02:29.663+0530][gc,init] Concurrent Workers: 3
[2025-10-18T21:02:29.663+0530][gc,init] Concurrent Refinement Workers: 10
[2025-10-18T21:02:29.663+0530][gc,init] Periodic GC: Disabled
[2025-10-18T21:02:29.669+0530][gc,metaspace] CDS archive(s) mapped at: [0x00007f1a7b000000-0x00007f1a7bca0000-0x00007f1a7bca0000), size 13238272, SharedBaseAddress: 0x00007f1a7b000000, ArchiveRelocationMode: 1.
[2025-10-18T21:02:29.669+0530][gc,metaspace] Compressed class space mapped at: 0x00007f1a7c000000-0x00007f1abc000000, reserved size: 1073741824
[2025-10-18T21:02:29.669+0530][gc,metaspace] Narrow klass base: 0x00007f1a7b000000, Narrow klass shift: 0, Narrow klass range: 0x100000000
[2025-10-18T21:02:30.192+0530][gc,start    ] GC(0) Pause Young (Normal) (G1 Evacuation Pause)
[2025-10-18T21:02:30.193+0530][gc,task     ] GC(0) Using 10 workers of 10 for evacuation
[2025-10-18T21:02:30.201+0530][gc,phases   ] GC(0)   Pre Evacuate Collection Set: 0.1ms
[2025-10-18T21:02:30.201+0530][gc,phases   ] GC(0)   Merge Heap Roots: 0.1ms
[2025-10-18T21:02:30.201+0530][gc,phases   ] GC(0)   Evacuate Collection Set: 7.5ms
[2025-10-18T21:02:30.201+0530][gc,phases   ] GC(0)   Post Evacuate Collection Set: 0.5ms
[2025-10-18T21:02:30.201+0530][gc,phases   ] GC(0)   Other: 0.4ms
[2025-10-18T21:02:30.201+0530][gc,heap     ] GC(0) Eden regions: 51->0(44)
[2025-10-18T21:02:30.201+0530][gc,heap     ] GC(0) Survivor regions: 0->7(7)
[2025-10-18T21:02:30.201+0530][gc,heap     ] GC(0) Old regions: 2->4
[2025-10-18T21:02:30.201+0530][gc,heap     ] GC(0) Humongous regions: 0->0
[2025-10-18T21:02:30.201+0530][gc,metaspace] GC(0) Metaspace: 15578K(15872K)->15578K(15872K) NonClass: 13844K(14016K)->13844K(14016K) Class: 1734K(1856K)->1734K(1856K)
[2025-10-18T21:02:30.201+0530][gc          ] GC(0) Pause Young (Normal) (G1 Evacuation Pause) 52M->9M(1024M) 8.747ms
[2025-10-18T21:02:30.201+0530][gc,cpu      ] GC(0) User=0.05s Sys=0.01s Real=0.01s
[2025-10-18T21:02:30.363+0530][gc,start    ] GC(1) Pause Young (Concurrent Start) (Metadata GC Threshold)
[2025-10-18T21:02:30.363+0530][gc,task     ] GC(1) Using 10 workers of 10 for evacuation
[2025-10-18T21:02:30.369+0530][gc,phases   ] GC(1)   Pre Evacuate Collection Set: 0.2ms
[2025-10-18T21:02:30.369+0530][gc,phases   ] GC(1)   Merge Heap Roots: 0.0ms
[2025-10-18T21:02:30.369+0530][gc,phases   ] GC(1)   Evacuate Collection Set: 5.6ms
[2025-10-18T21:02:30.369+0530][gc,phases   ] GC(1)   Post Evacuate Collection Set: 0.4ms
[2025-10-18T21:02:30.369+0530][gc,phases   ] GC(1)   Other: 0.0ms
[2025-10-18T21:02:30.369+0530][gc,heap     ] GC(1) Eden regions: 17->0(49)
[2025-10-18T21:02:30.369+0530][gc,heap     ] GC(1) Survivor regions: 7->2(7)
[2025-10-18T21:02:30.369+0530][gc,heap     ] GC(1) Old regions: 4->11
[2025-10-18T21:02:30.369+0530][gc,heap     ] GC(1) Humongous regions: 0->0
[2025-10-18T21:02:30.369+0530][gc,metaspace] GC(1) Metaspace: 21279K(21504K)->21279K(21504K) NonClass: 18708K(18816K)->18708K(18816K) Class: 2570K(2688K)->2570K(2688K)
[2025-10-18T21:02:30.369+0530][gc          ] GC(1) Pause Young (Concurrent Start) (Metadata GC Threshold) 26M->10M(1024M) 6.390ms
[2025-10-18T21:02:30.369+0530][gc,cpu      ] GC(1) User=0.00s Sys=0.06s Real=0.01s
[2025-10-18T21:02:30.369+0530][gc          ] GC(2) Concurrent Mark Cycle
[2025-10-18T21:02:30.369+0530][gc,marking  ] GC(2) Concurrent Scan Root Regions
[2025-10-18T21:02:30.370+0530][gc,marking  ] GC(2) Concurrent Scan Root Regions 1.141ms
[2025-10-18T21:02:30.370+0530][gc,marking  ] GC(2) Concurrent Mark
[2025-10-18T21:02:30.370+0530][gc,marking  ] GC(2) Concurrent Mark From Roots
[2025-10-18T21:02:30.370+0530][gc,task     ] GC(2) Using 3 workers of 3 for marking
[2025-10-18T21:02:30.372+0530][gc,marking  ] GC(2) Concurrent Mark From Roots 1.470ms
[2025-10-18T21:02:30.372+0530][gc,marking  ] GC(2) Concurrent Preclean
[2025-10-18T21:02:30.372+0530][gc,marking  ] GC(2) Concurrent Preclean 0.005ms
[2025-10-18T21:02:30.372+0530][gc,start    ] GC(2) Pause Remark
[2025-10-18T21:02:30.373+0530][gc          ] GC(2) Pause Remark 11M->11M(1024M) 0.870ms
[2025-10-18T21:02:30.373+0530][gc,cpu      ] GC(2) User=0.00s Sys=0.00s Real=0.00s
[2025-10-18T21:02:30.373+0530][gc,marking  ] GC(2) Concurrent Mark 2.516ms
[2025-10-18T21:02:30.373+0530][gc,marking  ] GC(2) Concurrent Rebuild Remembered Sets and Scrub Regions
[2025-10-18T21:02:30.374+0530][gc,marking  ] GC(2) Concurrent Rebuild Remembered Sets and Scrub Regions 1.056ms
[2025-10-18T21:02:30.374+0530][gc,start    ] GC(2) Pause Cleanup
[2025-10-18T21:02:30.374+0530][gc          ] GC(2) Pause Cleanup 11M->11M(1024M) 0.053ms
[2025-10-18T21:02:30.374+0530][gc,cpu      ] GC(2) User=0.00s Sys=0.00s Real=0.00s
[2025-10-18T21:02:30.374+0530][gc,marking  ] GC(2) Concurrent Clear Claimed Marks
[2025-10-18T21:02:30.374+0530][gc,marking  ] GC(2) Concurrent Clear Claimed Marks 0.012ms
[2025-10-18T21:02:30.374+0530][gc,marking  ] GC(2) Concurrent Cleanup for Next Mark
[2025-10-18T21:02:30.376+0530][gc,marking  ] GC(2) Concurrent Cleanup for Next Mark 2.239ms
[2025-10-18T21:02:30.376+0530][gc          ] GC(2) Concurrent Mark Cycle 7.179ms
[2025-10-18T21:02:30.788+0530][gc,start    ] GC(3) Pause Young (Prepare Mixed) (G1 Evacuation Pause)
[2025-10-18T21:02:30.788+0530][gc,task     ] GC(3) Using 10 workers of 10 for evacuation
[2025-10-18T21:02:30.790+0530][gc,phases   ] GC(3)   Pre Evacuate Collection Set: 0.1ms
[2025-10-18T21:02:30.790+0530][gc,phases   ] GC(3)   Merge Heap Roots: 0.0ms
[2025-10-18T21:02:30.790+0530][gc,phases   ] GC(3)   Evacuate Collection Set: 1.7ms
[2025-10-18T21:02:30.790+0530][gc,phases   ] GC(3)   Post Evacuate Collection Set: 0.3ms
[2025-10-18T21:02:30.790+0530][gc,phases   ] GC(3)   Other: 0.0ms
[2025-10-18T21:02:30.790+0530][gc,heap     ] GC(3) Eden regions: 49->0(45)
[2025-10-18T21:02:30.790+0530][gc,heap     ] GC(3) Survivor regions: 2->6(7)
[2025-10-18T21:02:30.790+0530][gc,heap     ] GC(3) Old regions: 11->11
[2025-10-18T21:02:30.790+0530][gc,heap     ] GC(3) Humongous regions: 0->0
[2025-10-18T21:02:30.790+0530][gc,metaspace] GC(3) Metaspace: 33424K(33856K)->33424K(33856K) NonClass: 29598K(29824K)->29598K(29824K) Class: 3825K(4032K)->3825K(4032K)
[2025-10-18T21:02:30.790+0530][gc          ] GC(3) Pause Young (Prepare Mixed) (G1 Evacuation Pause) 59M->15M(1024M) 2.335ms
[2025-10-18T21:02:30.790+0530][gc,cpu      ] GC(3) User=0.03s Sys=0.00s Real=0.00s
[2025-10-18T21:02:30.886+0530][gc,start    ] GC(4) Pause Young (Mixed) (Metadata GC Threshold)
[2025-10-18T21:02:30.886+0530][gc,task     ] GC(4) Using 10 workers of 10 for evacuation
[2025-10-18T21:02:30.892+0530][gc,phases   ] GC(4)   Pre Evacuate Collection Set: 0.1ms
[2025-10-18T21:02:30.892+0530][gc,phases   ] GC(4)   Merge Heap Roots: 0.0ms
[2025-10-18T21:02:30.892+0530][gc,phases   ] GC(4)   Evacuate Collection Set: 6.2ms
[2025-10-18T21:02:30.892+0530][gc,phases   ] GC(4)   Post Evacuate Collection Set: 0.2ms
[2025-10-18T21:02:30.892+0530][gc,phases   ] GC(4)   Other: 0.0ms
[2025-10-18T21:02:30.892+0530][gc,heap     ] GC(4) Eden regions: 14->0(49)
[2025-10-18T21:02:30.892+0530][gc,heap     ] GC(4) Survivor regions: 6->2(7)
[2025-10-18T21:02:30.892+0530][gc,heap     ] GC(4) Old regions: 11->15
[2025-10-18T21:02:30.892+0530][gc,heap     ] GC(4) Humongous regions: 9->9
[2025-10-18T21:02:30.892+0530][gc,metaspace] GC(4) Metaspace: 35735K(36160K)->35735K(36160K) NonClass: 31631K(31872K)->31631K(31872K) Class: 4103K(4288K)->4103K(4288K)
[2025-10-18T21:02:30.892+0530][gc          ] GC(4) Pause Young (Mixed) (Metadata GC Threshold) 37M->25M(1024M) 6.712ms
[2025-10-18T21:02:30.893+0530][gc,cpu      ] GC(4) User=0.07s Sys=0.00s Real=0.00s
[2025-10-18T21:02:30.898+0530][gc,start    ] GC(5) Pause Young (Concurrent Start) (Metadata GC Threshold)
[2025-10-18T21:02:30.898+0530][gc,task     ] GC(5) Using 10 workers of 10 for evacuation
[2025-10-18T21:02:30.899+0530][gc,phases   ] GC(5)   Pre Evacuate Collection Set: 0.2ms
[2025-10-18T21:02:30.899+0530][gc,phases   ] GC(5)   Merge Heap Roots: 0.0ms
[2025-10-18T21:02:30.899+0530][gc,phases   ] GC(5)   Evacuate Collection Set: 0.5ms
[2025-10-18T21:02:30.899+0530][gc,phases   ] GC(5)   Post Evacuate Collection Set: 0.2ms
[2025-10-18T21:02:30.899+0530][gc,phases   ] GC(5)   Other: 0.0ms
[2025-10-18T21:02:30.899+0530][gc,heap     ] GC(5) Eden regions: 2->0(49)
[2025-10-18T21:02:30.899+0530][gc,heap     ] GC(5) Survivor regions: 2->2(7)
[2025-10-18T21:02:30.899+0530][gc,heap     ] GC(5) Old regions: 15->15
[2025-10-18T21:02:30.899+0530][gc,heap     ] GC(5) Humongous regions: 9->9
[2025-10-18T21:02:30.899+0530][gc,metaspace] GC(5) Metaspace: 35969K(36480K)->35969K(36480K) NonClass: 31830K(32128K)->31830K(32128K) Class: 4138K(4352K)->4138K(4352K)
[2025-10-18T21:02:30.899+0530][gc          ] GC(5) Pause Young (Concurrent Start) (Metadata GC Threshold) 27M->25M(1024M) 0.977ms
[2025-10-18T21:02:30.899+0530][gc,cpu      ] GC(5) User=0.01s Sys=0.00s Real=0.00s
[2025-10-18T21:02:30.899+0530][gc          ] GC(6) Concurrent Mark Cycle
[2025-10-18T21:02:30.899+0530][gc,marking  ] GC(6) Concurrent Scan Root Regions
[2025-10-18T21:02:30.900+0530][gc,marking  ] GC(6) Concurrent Scan Root Regions 0.402ms
[2025-10-18T21:02:30.900+0530][gc,marking  ] GC(6) Concurrent Mark
[2025-10-18T21:02:30.900+0530][gc,marking  ] GC(6) Concurrent Mark From Roots
[2025-10-18T21:02:30.900+0530][gc,task     ] GC(6) Using 3 workers of 3 for marking
[2025-10-18T21:02:30.906+0530][gc,marking  ] GC(6) Concurrent Mark From Roots 6.829ms
[2025-10-18T21:02:30.906+0530][gc,marking  ] GC(6) Concurrent Preclean
[2025-10-18T21:02:30.907+0530][gc,marking  ] GC(6) Concurrent Preclean 0.047ms
[2025-10-18T21:02:30.907+0530][gc,start    ] GC(6) Pause Remark
[2025-10-18T21:02:30.908+0530][gc          ] GC(6) Pause Remark 27M->27M(1024M) 0.966ms
[2025-10-18T21:02:30.908+0530][gc,cpu      ] GC(6) User=0.01s Sys=0.00s Real=0.00s
[2025-10-18T21:02:30.908+0530][gc,marking  ] GC(6) Concurrent Mark 8.029ms
[2025-10-18T21:02:30.908+0530][gc,marking  ] GC(6) Concurrent Rebuild Remembered Sets and Scrub Regions
[2025-10-18T21:02:30.910+0530][gc,marking  ] GC(6) Concurrent Rebuild Remembered Sets and Scrub Regions 2.430ms
[2025-10-18T21:02:30.910+0530][gc,start    ] GC(6) Pause Cleanup
[2025-10-18T21:02:30.910+0530][gc          ] GC(6) Pause Cleanup 27M->27M(1024M) 0.087ms
[2025-10-18T21:02:30.910+0530][gc,cpu      ] GC(6) User=0.00s Sys=0.00s Real=0.00s
[2025-10-18T21:02:30.910+0530][gc,marking  ] GC(6) Concurrent Clear Claimed Marks
[2025-10-18T21:02:30.910+0530][gc,marking  ] GC(6) Concurrent Clear Claimed Marks 0.046ms
[2025-10-18T21:02:30.910+0530][gc,marking  ] GC(6) Concurrent Cleanup for Next Mark
[2025-10-18T21:02:30.911+0530][gc,marking  ] GC(6) Concurrent Cleanup for Next Mark 0.631ms
[2025-10-18T21:02:30.911+0530][gc          ] GC(6) Concurrent Mark Cycle 11.836ms
[2025-10-18T21:02:31.109+0530][gc,start    ] GC(7) Pause Young (Prepare Mixed) (G1 Evacuation Pause)
[2025-10-18T21:02:31.109+0530][gc,task     ] GC(7) Using 10 workers of 10 for evacuation
[2025-10-18T21:02:31.112+0530][gc,phases   ] GC(7)   Pre Evacuate Collection Set: 0.1ms
[2025-10-18T21:02:31.112+0530][gc,phases   ] GC(7)   Merge Heap Roots: 0.0ms
[2025-10-18T21:02:31.112+0530][gc,phases   ] GC(7)   Evacuate Collection Set: 1.9ms
[2025-10-18T21:02:31.112+0530][gc,phases   ] GC(7)   Post Evacuate Collection Set: 0.3ms
[2025-10-18T21:02:31.112+0530][gc,phases   ] GC(7)   Other: 0.0ms
[2025-10-18T21:02:31.112+0530][gc,heap     ] GC(7) Eden regions: 49->0(44)
[2025-10-18T21:02:31.112+0530][gc,heap     ] GC(7) Survivor regions: 2->7(7)
[2025-10-18T21:02:31.112+0530][gc,heap     ] GC(7) Old regions: 15->16
[2025-10-18T21:02:31.112+0530][gc,heap     ] GC(7) Humongous regions: 9->9
[2025-10-18T21:02:31.112+0530][gc,metaspace] GC(7) Metaspace: 41842K(42752K)->41842K(42752K) NonClass: 36963K(37504K)->36963K(37504K) Class: 4879K(5248K)->4879K(5248K)
[2025-10-18T21:02:31.112+0530][gc          ] GC(7) Pause Young (Prepare Mixed) (G1 Evacuation Pause) 74M->31M(1024M) 2.571ms
[2025-10-18T21:02:31.112+0530][gc,cpu      ] GC(7) User=0.02s Sys=0.00s Real=0.00s
[2025-10-18T21:02:31.561+0530][gc,start    ] GC(8) Pause Young (Mixed) (G1 Evacuation Pause)
[2025-10-18T21:02:31.561+0530][gc,task     ] GC(8) Using 10 workers of 10 for evacuation
[2025-10-18T21:02:31.570+0530][gc,phases   ] GC(8)   Pre Evacuate Collection Set: 0.1ms
[2025-10-18T21:02:31.570+0530][gc,phases   ] GC(8)   Merge Heap Roots: 0.1ms
[2025-10-18T21:02:31.570+0530][gc,phases   ] GC(8)   Evacuate Collection Set: 7.6ms
[2025-10-18T21:02:31.570+0530][gc,phases   ] GC(8)   Post Evacuate Collection Set: 0.4ms
[2025-10-18T21:02:31.570+0530][gc,phases   ] GC(8)   Other: 0.0ms
[2025-10-18T21:02:31.570+0530][gc,heap     ] GC(8) Eden regions: 44->0(46)
[2025-10-18T21:02:31.570+0530][gc,heap     ] GC(8) Survivor regions: 7->5(7)
[2025-10-18T21:02:31.570+0530][gc,heap     ] GC(8) Old regions: 16->23
[2025-10-18T21:02:31.570+0530][gc,heap     ] GC(8) Humongous regions: 138->138
[2025-10-18T21:02:31.570+0530][gc,metaspace] GC(8) Metaspace: 47209K(48256K)->47209K(48256K) NonClass: 41660K(42240K)->41660K(42240K) Class: 5549K(6016K)->5549K(6016K)
[2025-10-18T21:02:31.570+0530][gc          ] GC(8) Pause Young (Mixed) (G1 Evacuation Pause) 204M->165M(1024M) 8.306ms
[2025-10-18T21:02:31.570+0530][gc,cpu      ] GC(8) User=0.00s Sys=0.07s Real=0.01s
[2025-10-18T21:03:44.823+0530][gc,start    ] GC(9) Pause Young (Normal) (G1 Evacuation Pause)
[2025-10-18T21:03:44.823+0530][gc,task     ] GC(9) Using 10 workers of 10 for evacuation
[2025-10-18T21:03:44.830+0530][gc,phases   ] GC(9)   Pre Evacuate Collection Set: 0.4ms
[2025-10-18T21:03:44.830+0530][gc,phases   ] GC(9)   Merge Heap Roots: 0.2ms
[2025-10-18T21:03:44.830+0530][gc,phases   ] GC(9)   Evacuate Collection Set: 5.4ms
[2025-10-18T21:03:44.830+0530][gc,phases   ] GC(9)   Post Evacuate Collection Set: 0.4ms
[2025-10-18T21:03:44.830+0530][gc,phases   ] GC(9)   Other: 0.1ms
[2025-10-18T21:03:44.830+0530][gc,heap     ] GC(9) Eden regions: 46->0(48)
[2025-10-18T21:03:44.830+0530][gc,heap     ] GC(9) Survivor regions: 5->3(7)
[2025-10-18T21:03:44.830+0530][gc,heap     ] GC(9) Old regions: 23->28
[2025-10-18T21:03:44.830+0530][gc,heap     ] GC(9) Humongous regions: 183->141
[2025-10-18T21:03:44.830+0530][gc,metaspace] GC(9) Metaspace: 50774K(51968K)->50774K(51968K) NonClass: 44777K(45440K)->44777K(45440K) Class: 5996K(6528K)->5996K(6528K)
[2025-10-18T21:03:44.830+0530][gc          ] GC(9) Pause Young (Normal) (G1 Evacuation Pause) 256M->171M(1024M) 6.643ms
[2025-10-18T21:03:44.830+0530][gc,cpu      ] GC(9) User=0.05s Sys=0.01s Real=0.01s
[2025-10-18T21:05:45.245+0530][gc,start    ] GC(10) Pause Young (Normal) (G1 Evacuation Pause)
[2025-10-18T21:05:45.245+0530][gc,task     ] GC(10) Using 10 workers of 10 for evacuation
[2025-10-18T21:05:45.250+0530][gc,phases   ] GC(10)   Pre Evacuate Collection Set: 0.4ms
[2025-10-18T21:05:45.250+0530][gc,phases   ] GC(10)   Merge Heap Roots: 0.3ms
[2025-10-18T21:05:45.250+0530][gc,phases   ] GC(10)   Evacuate Collection Set: 3.3ms
[2025-10-18T21:05:45.250+0530][gc,phases   ] GC(10)   Post Evacuate Collection Set: 0.6ms
[2025-10-18T21:05:45.250+0530][gc,phases   ] GC(10)   Other: 0.1ms
[2025-10-18T21:05:45.250+0530][gc,heap     ] GC(10) Eden regions: 48->0(47)
[2025-10-18T21:05:45.250+0530][gc,heap     ] GC(10) Survivor regions: 3->4(7)
[2025-10-18T21:05:45.250+0530][gc,heap     ] GC(10) Old regions: 28->28
[2025-10-18T21:05:45.250+0530][gc,heap     ] GC(10) Humongous regions: 141->141
[2025-10-18T21:05:45.250+0530][gc,metaspace] GC(10) Metaspace: 51211K(52416K)->51211K(52416K) NonClass: 45213K(45888K)->45213K(45888K) Class: 5997K(6528K)->5997K(6528K)
[2025-10-18T21:05:45.250+0530][gc          ] GC(10) Pause Young (Normal) (G1 Evacuation Pause) 219M->171M(1024M) 4.951ms
[2025-10-18T21:05:45.250+0530][gc,cpu      ] GC(10) User=0.04s Sys=0.00s Real=0.00s
[2025-10-18T21:07:53.136+0530][gc,start    ] GC(11) Pause Young (Normal) (G1 Evacuation Pause)
[2025-10-18T21:07:53.136+0530][gc,task     ] GC(11) Using 10 workers of 10 for evacuation
[2025-10-18T21:07:53.140+0530][gc,phases   ] GC(11)   Pre Evacuate Collection Set: 0.4ms
[2025-10-18T21:07:53.140+0530][gc,phases   ] GC(11)   Merge Heap Roots: 0.2ms
[2025-10-18T21:07:53.140+0530][gc,phases   ] GC(11)   Evacuate Collection Set: 3.2ms
[2025-10-18T21:07:53.140+0530][gc,phases   ] GC(11)   Post Evacuate Collection Set: 0.6ms
[2025-10-18T21:07:53.140+0530][gc,phases   ] GC(11)   Other: 0.1ms
[2025-10-18T21:07:53.140+0530][gc,heap     ] GC(11) Eden regions: 47->0(47)
[2025-10-18T21:07:53.140+0530][gc,heap     ] GC(11) Survivor regions: 4->4(7)
[2025-10-18T21:07:53.140+0530][gc,heap     ] GC(11) Old regions: 28->28
[2025-10-18T21:07:53.140+0530][gc,heap     ] GC(11) Humongous regions: 141->141
[2025-10-18T21:07:53.140+0530][gc,metaspace] GC(11) Metaspace: 51338K(52544K)->51338K(52544K) NonClass: 45340K(46016K)->45340K(46016K) Class: 5998K(6528K)->5998K(6528K)
[2025-10-18T21:07:53.140+0530][gc          ] GC(11) Pause Young (Normal) (G1 Evacuation Pause) 218M->172M(1024M) 4.690ms
[2025-10-18T21:07:53.140+0530][gc,cpu      ] GC(11) User=0.03s Sys=0.00s Real=0.01s
[2025-10-18T21:10:05.873+0530][gc,start    ] GC(12) Pause Young (Normal) (G1 Evacuation Pause)
[2025-10-18T21:10:05.873+0530][gc,task     ] GC(12) Using 10 workers of 10 for evacuation
[2025-10-18T21:10:05.875+0530][gc,phases   ] GC(12)   Pre Evacuate Collection Set: 0.2ms
[2025-10-18T21:10:05.875+0530][gc,phases   ] GC(12)   Merge Heap Roots: 0.0ms
[2025-10-18T21:10:05.875+0530][gc,phases   ] GC(12)   Evacuate Collection Set: 1.3ms
[2025-10-18T21:10:05.875+0530][gc,phases   ] GC(12)   Post Evacuate Collection Set: 0.3ms
[2025-10-18T21:10:05.875+0530][gc,phases   ] GC(12)   Other: 0.0ms
[2025-10-18T21:10:05.875+0530][gc,heap     ] GC(12) Eden regions: 47->0(73)
[2025-10-18T21:10:05.875+0530][gc,heap     ] GC(12) Survivor regions: 4->4(7)
[2025-10-18T21:10:05.875+0530][gc,heap     ] GC(12) Old regions: 28->28
[2025-10-18T21:10:05.875+0530][gc,heap     ] GC(12) Humongous regions: 141->141
[2025-10-18T21:10:05.875+0530][gc,metaspace] GC(12) Metaspace: 51378K(52608K)->51378K(52608K) NonClass: 45379K(46080K)->45379K(46080K) Class: 5998K(6528K)->5998K(6528K)
[2025-10-18T21:10:05.875+0530][gc          ] GC(12) Pause Young (Normal) (G1 Evacuation Pause) 219M->172M(1024M) 2.005ms
[2025-10-18T21:10:05.875+0530][gc,cpu      ] GC(12) User=0.01s Sys=0.00s Real=0.00s
[2025-10-18T21:14:16.462+0530][gc,start    ] GC(13) Pause Young (Normal) (G1 Evacuation Pause)
[2025-10-18T21:14:16.462+0530][gc,task     ] GC(13) Using 10 workers of 10 for evacuation
[2025-10-18T21:14:16.471+0530][gc,phases   ] GC(13)   Pre Evacuate Collection Set: 0.7ms
[2025-10-18T21:14:16.471+0530][gc,phases   ] GC(13)   Merge Heap Roots: 0.2ms
[2025-10-18T21:14:16.471+0530][gc,phases   ] GC(13)   Evacuate Collection Set: 6.3ms
[2025-10-18T21:14:16.471+0530][gc,phases   ] GC(13)   Post Evacuate Collection Set: 0.6ms
[2025-10-18T21:14:16.471+0530][gc,phases   ] GC(13)   Other: 0.3ms
[2025-10-18T21:14:16.471+0530][gc,heap     ] GC(13) Eden regions: 73->0(143)
[2025-10-18T21:14:16.471+0530][gc,heap     ] GC(13) Survivor regions: 4->5(10)
[2025-10-18T21:14:16.471+0530][gc,heap     ] GC(13) Old regions: 28->28
[2025-10-18T21:14:16.471+0530][gc,heap     ] GC(13) Humongous regions: 141->141
[2025-10-18T21:14:16.471+0530][gc,metaspace] GC(13) Metaspace: 51742K(52992K)->51742K(52992K) NonClass: 45668K(46336K)->45668K(46336K) Class: 6073K(6656K)->6073K(6656K)
[2025-10-18T21:14:16.471+0530][gc          ] GC(13) Pause Young (Normal) (G1 Evacuation Pause) 245M->173M(1024M) 8.218ms
[2025-10-18T21:14:16.471+0530][gc,cpu      ] GC(13) User=0.02s Sys=0.05s Real=0.01s
[2025-10-18T21:24:25.149+0530][gc,start    ] GC(14) Pause Young (Normal) (G1 Evacuation Pause)
[2025-10-18T21:24:25.149+0530][gc,task     ] GC(14) Using 10 workers of 10 for evacuation
[2025-10-18T21:24:25.157+0530][gc,phases   ] GC(14)   Pre Evacuate Collection Set: 0.2ms
[2025-10-18T21:24:25.157+0530][gc,phases   ] GC(14)   Merge Heap Roots: 0.2ms
[2025-10-18T21:24:25.157+0530][gc,phases   ] GC(14)   Evacuate Collection Set: 7.2ms
[2025-10-18T21:24:25.157+0530][gc,phases   ] GC(14)   Post Evacuate Collection Set: 0.3ms
[2025-10-18T21:24:25.157+0530][gc,phases   ] GC(14)   Other: 0.1ms
[2025-10-18T21:24:25.157+0530][gc,heap     ] GC(14) Eden regions: 137->0(128)
[2025-10-18T21:24:25.157+0530][gc,heap     ] GC(14) Survivor regions: 5->7(18)
[2025-10-18T21:24:25.157+0530][gc,heap     ] GC(14) Old regions: 28->28
[2025-10-18T21:24:25.157+0530][gc,heap     ] GC(14) Humongous regions: 141->141
[2025-10-18T21:24:25.157+0530][gc,metaspace] GC(14) Metaspace: 51960K(53248K)->51960K(53248K) NonClass: 45886K(46592K)->45886K(46592K) Class: 6073K(6656K)->6073K(6656K)
[2025-10-18T21:24:25.157+0530][gc          ] GC(14) Pause Young (Normal) (G1 Evacuation Pause) 310M->175M(1024M) 8.248ms
[2025-10-18T21:24:25.157+0530][gc,cpu      ] GC(14) User=0.05s Sys=0.03s Real=0.01s
[2025-10-18T21:33:19.175+0530][gc,start    ] GC(15) Pause Young (Normal) (G1 Evacuation Pause)
[2025-10-18T21:33:19.175+0530][gc,task     ] GC(15) Using 10 workers of 10 for evacuation
[2025-10-18T21:33:19.180+0530][gc,phases   ] GC(15)   Pre Evacuate Collection Set: 0.2ms
[2025-10-18T21:33:19.180+0530][gc,phases   ] GC(15)   Merge Heap Roots: 0.1ms
[2025-10-18T21:33:19.180+0530][gc,phases   ] GC(15)   Evacuate Collection Set: 3.2ms
[2025-10-18T21:33:19.180+0530][gc,phases   ] GC(15)   Post Evacuate Collection Set: 0.7ms
[2025-10-18T21:33:19.180+0530][gc,phases   ] GC(15)   Other: 0.1ms
[2025-10-18T21:33:19.180+0530][gc,heap     ] GC(15) Eden regions: 123->0(325)
[2025-10-18T21:33:19.180+0530][gc,heap     ] GC(15) Survivor regions: 7->7(17)
[2025-10-18T21:33:19.180+0530][gc,heap     ] GC(15) Old regions: 28->28
[2025-10-18T21:33:19.180+0530][gc,heap     ] GC(15) Humongous regions: 142->142
[2025-10-18T21:33:19.180+0530][gc,metaspace] GC(15) Metaspace: 52102K(53376K)->52102K(53376K) NonClass: 46020K(46720K)->46020K(46720K) Class: 6081K(6656K)->6081K(6656K)
[2025-10-18T21:33:19.180+0530][gc          ] GC(15) Pause Young (Normal) (G1 Evacuation Pause) 299M->175M(1024M) 4.298ms
[2025-10-18T21:33:19.180+0530][gc,cpu      ] GC(15) User=0.04s Sys=0.00s Real=0.01s
[2025-10-18T21:52:33.818+0530][gc,start    ] GC(16) Pause Young (Normal) (G1 Evacuation Pause)
[2025-10-18T21:52:33.818+0530][gc,task     ] GC(16) Using 10 workers of 10 for evacuation
[2025-10-18T21:52:33.831+0530][gc,phases   ] GC(16)   Pre Evacuate Collection Set: 0.4ms
[2025-10-18T21:52:33.831+0530][gc,phases   ] GC(16)   Merge Heap Roots: 0.2ms
[2025-10-18T21:52:33.831+0530][gc,phases   ] GC(16)   Evacuate Collection Set: 11.0ms
[2025-10-18T21:52:33.831+0530][gc,phases   ] GC(16)   Post Evacuate Collection Set: 0.9ms
[2025-10-18T21:52:33.831+0530][gc,phases   ] GC(16)   Other: 0.2ms
[2025-10-18T21:52:33.831+0530][gc,heap     ] GC(16) Eden regions: 320->0(370)
[2025-10-18T21:52:33.831+0530][gc,heap     ] GC(16) Survivor regions: 7->9(41)
[2025-10-18T21:52:33.831+0530][gc,heap     ] GC(16) Old regions: 28->28
[2025-10-18T21:52:33.831+0530][gc,heap     ] GC(16) Humongous regions: 142->142
[2025-10-18T21:52:33.831+0530][gc,metaspace] GC(16) Metaspace: 52494K(53760K)->52494K(53760K) NonClass: 46349K(47040K)->46349K(47040K) Class: 6144K(6720K)->6144K(6720K)
[2025-10-18T21:52:33.831+0530][gc          ] GC(16) Pause Young (Normal) (G1 Evacuation Pause) 495M->178M(1024M) 13.003ms
[2025-10-18T21:52:33.831+0530][gc,cpu      ] GC(16) User=0.05s Sys=0.06s Real=0.01s
[2025-10-18T22:06:20.085+0530][gc,heap,exit] Heap
[2025-10-18T22:06:20.085+0530][gc,heap,exit]  garbage-first heap   total 1048576K, used 332384K [0x00000000c0000000, 0x0000000100000000)
[2025-10-18T22:06:20.085+0530][gc,heap,exit]   region size 1024K, 147 young (150528K), 9 survivors (9216K)
[2025-10-18T22:06:20.085+0530][gc,heap,exit]  Metaspace       used 53482K, committed 54784K, reserved 1114112K
[2025-10-18T22:06:20.085+0530][gc,heap,exit]   class space    used 6349K, committed 6912K, reserved 1048576K
