[2025-10-16T22:58:54.521+0530][gc,init] CardTable entry size: 512
[2025-10-16T22:58:54.521+0530][gc     ] Using G1
[2025-10-16T22:58:54.529+0530][gc,init] Version: 21.0.8+9-Debian-1 (release)
[2025-10-16T22:58:54.529+0530][gc,init] CPUs: 12 total, 12 available
[2025-10-16T22:58:54.529+0530][gc,init] Memory: 15720M
[2025-10-16T22:58:54.529+0530][gc,init] Large Page Support: Disabled
[2025-10-16T22:58:54.529+0530][gc,init] NUMA Support: Disabled
[2025-10-16T22:58:54.529+0530][gc,init] Compressed Oops: Enabled (32-bit)
[2025-10-16T22:58:54.529+0530][gc,init] Heap Region Size: 1M
[2025-10-16T22:58:54.529+0530][gc,init] Heap Min Capacity: 1G
[2025-10-16T22:58:54.529+0530][gc,init] Heap Initial Capacity: 1G
[2025-10-16T22:58:54.529+0530][gc,init] Heap Max Capacity: 1G
[2025-10-16T22:58:54.529+0530][gc,init] Pre-touch: Disabled
[2025-10-16T22:58:54.529+0530][gc,init] Parallel Workers: 10
[2025-10-16T22:58:54.529+0530][gc,init] Concurrent Workers: 3
[2025-10-16T22:58:54.529+0530][gc,init] Concurrent Refinement Workers: 10
[2025-10-16T22:58:54.529+0530][gc,init] Periodic GC: Disabled
[2025-10-16T22:58:54.537+0530][gc,metaspace] CDS archive(s) mapped at: [0x00007fdfbf000000-0x00007fdfbfca0000-0x00007fdfbfca0000), size 13238272, SharedBaseAddress: 0x00007fdfbf000000, ArchiveRelocationMode: 1.
[2025-10-16T22:58:54.537+0530][gc,metaspace] Compressed class space mapped at: 0x00007fdfc0000000-0x00007fe000000000, reserved size: 1073741824
[2025-10-16T22:58:54.537+0530][gc,metaspace] Narrow klass base: 0x00007fdfbf000000, Narrow klass shift: 0, Narrow klass range: 0x100000000
[2025-10-16T22:58:55.046+0530][gc,start    ] GC(0) Pause Young (Normal) (G1 Evacuation Pause)
[2025-10-16T22:58:55.047+0530][gc,task     ] GC(0) Using 10 workers of 10 for evacuation
[2025-10-16T22:58:55.055+0530][gc,phases   ] GC(0)   Pre Evacuate Collection Set: 0.1ms
[2025-10-16T22:58:55.055+0530][gc,phases   ] GC(0)   Merge Heap Roots: 0.0ms
[2025-10-16T22:58:55.055+0530][gc,phases   ] GC(0)   Evacuate Collection Set: 6.8ms
[2025-10-16T22:58:55.055+0530][gc,phases   ] GC(0)   Post Evacuate Collection Set: 0.4ms
[2025-10-16T22:58:55.055+0530][gc,phases   ] GC(0)   Other: 0.7ms
[2025-10-16T22:58:55.055+0530][gc,heap     ] GC(0) Eden regions: 51->0(44)
[2025-10-16T22:58:55.055+0530][gc,heap     ] GC(0) Survivor regions: 0->7(7)
[2025-10-16T22:58:55.055+0530][gc,heap     ] GC(0) Old regions: 2->4
[2025-10-16T22:58:55.055+0530][gc,heap     ] GC(0) Humongous regions: 0->0
[2025-10-16T22:58:55.055+0530][gc,metaspace] GC(0) Metaspace: 15536K(15808K)->15536K(15808K) NonClass: 13798K(13952K)->13798K(13952K) Class: 1738K(1856K)->1738K(1856K)
[2025-10-16T22:58:55.055+0530][gc          ] GC(0) Pause Young (Normal) (G1 Evacuation Pause) 52M->9M(1024M) 8.212ms
[2025-10-16T22:58:55.055+0530][gc,cpu      ] GC(0) User=0.04s Sys=0.04s Real=0.01s
[2025-10-16T22:58:55.193+0530][gc,start    ] GC(1) Pause Young (Concurrent Start) (Metadata GC Threshold)
[2025-10-16T22:58:55.193+0530][gc,task     ] GC(1) Using 10 workers of 10 for evacuation
[2025-10-16T22:58:55.200+0530][gc,phases   ] GC(1)   Pre Evacuate Collection Set: 0.2ms
[2025-10-16T22:58:55.200+0530][gc,phases   ] GC(1)   Merge Heap Roots: 0.0ms
[2025-10-16T22:58:55.200+0530][gc,phases   ] GC(1)   Evacuate Collection Set: 6.0ms
[2025-10-16T22:58:55.200+0530][gc,phases   ] GC(1)   Post Evacuate Collection Set: 0.3ms
[2025-10-16T22:58:55.200+0530][gc,phases   ] GC(1)   Other: 0.0ms
[2025-10-16T22:58:55.200+0530][gc,heap     ] GC(1) Eden regions: 17->0(49)
[2025-10-16T22:58:55.200+0530][gc,heap     ] GC(1) Survivor regions: 7->2(7)
[2025-10-16T22:58:55.200+0530][gc,heap     ] GC(1) Old regions: 4->11
[2025-10-16T22:58:55.200+0530][gc,heap     ] GC(1) Humongous regions: 0->0
[2025-10-16T22:58:55.200+0530][gc,metaspace] GC(1) Metaspace: 21268K(21504K)->21268K(21504K) NonClass: 18695K(18816K)->18695K(18816K) Class: 2573K(2688K)->2573K(2688K)
[2025-10-16T22:58:55.200+0530][gc          ] GC(1) Pause Young (Concurrent Start) (Metadata GC Threshold) 26M->11M(1024M) 6.658ms
[2025-10-16T22:58:55.200+0530][gc,cpu      ] GC(1) User=0.01s Sys=0.05s Real=0.01s
[2025-10-16T22:58:55.200+0530][gc          ] GC(2) Concurrent Mark Cycle
[2025-10-16T22:58:55.200+0530][gc,marking  ] GC(2) Concurrent Scan Root Regions
[2025-10-16T22:58:55.201+0530][gc,marking  ] GC(2) Concurrent Scan Root Regions 1.075ms
[2025-10-16T22:58:55.201+0530][gc,marking  ] GC(2) Concurrent Mark
[2025-10-16T22:58:55.201+0530][gc,marking  ] GC(2) Concurrent Mark From Roots
[2025-10-16T22:58:55.201+0530][gc,task     ] GC(2) Using 3 workers of 3 for marking
[2025-10-16T22:58:55.202+0530][gc,marking  ] GC(2) Concurrent Mark From Roots 1.472ms
[2025-10-16T22:58:55.202+0530][gc,marking  ] GC(2) Concurrent Preclean
[2025-10-16T22:58:55.202+0530][gc,marking  ] GC(2) Concurrent Preclean 0.006ms
[2025-10-16T22:58:55.202+0530][gc,start    ] GC(2) Pause Remark
[2025-10-16T22:58:55.203+0530][gc          ] GC(2) Pause Remark 12M->12M(1024M) 0.924ms
[2025-10-16T22:58:55.203+0530][gc,cpu      ] GC(2) User=0.01s Sys=0.00s Real=0.00s
[2025-10-16T22:58:55.203+0530][gc,marking  ] GC(2) Concurrent Mark 2.548ms
[2025-10-16T22:58:55.203+0530][gc,marking  ] GC(2) Concurrent Rebuild Remembered Sets and Scrub Regions
[2025-10-16T22:58:55.204+0530][gc,marking  ] GC(2) Concurrent Rebuild Remembered Sets and Scrub Regions 1.008ms
[2025-10-16T22:58:55.204+0530][gc,start    ] GC(2) Pause Cleanup
[2025-10-16T22:58:55.205+0530][gc          ] GC(2) Pause Cleanup 12M->12M(1024M) 0.089ms
[2025-10-16T22:58:55.205+0530][gc,cpu      ] GC(2) User=0.00s Sys=0.00s Real=0.00s
[2025-10-16T22:58:55.205+0530][gc,marking  ] GC(2) Concurrent Clear Claimed Marks
[2025-10-16T22:58:55.205+0530][gc,marking  ] GC(2) Concurrent Clear Claimed Marks 0.011ms
[2025-10-16T22:58:55.205+0530][gc,marking  ] GC(2) Concurrent Cleanup for Next Mark
[2025-10-16T22:58:55.207+0530][gc,marking  ] GC(2) Concurrent Cleanup for Next Mark 1.948ms
[2025-10-16T22:58:55.207+0530][gc          ] GC(2) Concurrent Mark Cycle 6.922ms
[2025-10-16T22:58:55.667+0530][gc,start    ] GC(3) Pause Young (Prepare Mixed) (G1 Evacuation Pause)
[2025-10-16T22:58:55.667+0530][gc,task     ] GC(3) Using 10 workers of 10 for evacuation
[2025-10-16T22:58:55.669+0530][gc,phases   ] GC(3)   Pre Evacuate Collection Set: 0.2ms
[2025-10-16T22:58:55.669+0530][gc,phases   ] GC(3)   Merge Heap Roots: 0.0ms
[2025-10-16T22:58:55.669+0530][gc,phases   ] GC(3)   Evacuate Collection Set: 1.4ms
[2025-10-16T22:58:55.669+0530][gc,phases   ] GC(3)   Post Evacuate Collection Set: 0.2ms
[2025-10-16T22:58:55.669+0530][gc,phases   ] GC(3)   Other: 0.0ms
[2025-10-16T22:58:55.669+0530][gc,heap     ] GC(3) Eden regions: 49->0(45)
[2025-10-16T22:58:55.669+0530][gc,heap     ] GC(3) Survivor regions: 2->6(7)
[2025-10-16T22:58:55.669+0530][gc,heap     ] GC(3) Old regions: 11->11
[2025-10-16T22:58:55.669+0530][gc,heap     ] GC(3) Humongous regions: 0->0
[2025-10-16T22:58:55.669+0530][gc,metaspace] GC(3) Metaspace: 34010K(34432K)->34010K(34432K) NonClass: 30112K(30336K)->30112K(30336K) Class: 3897K(4096K)->3897K(4096K)
[2025-10-16T22:58:55.669+0530][gc          ] GC(3) Pause Young (Prepare Mixed) (G1 Evacuation Pause) 60M->15M(1024M) 1.948ms
[2025-10-16T22:58:55.669+0530][gc,cpu      ] GC(3) User=0.01s Sys=0.00s Real=0.00s
[2025-10-16T22:58:55.724+0530][gc,start    ] GC(4) Pause Young (Mixed) (Metadata GC Threshold)
[2025-10-16T22:58:55.724+0530][gc,task     ] GC(4) Using 10 workers of 10 for evacuation
[2025-10-16T22:58:55.730+0530][gc,phases   ] GC(4)   Pre Evacuate Collection Set: 0.1ms
[2025-10-16T22:58:55.730+0530][gc,phases   ] GC(4)   Merge Heap Roots: 0.0ms
[2025-10-16T22:58:55.730+0530][gc,phases   ] GC(4)   Evacuate Collection Set: 5.5ms
[2025-10-16T22:58:55.730+0530][gc,phases   ] GC(4)   Post Evacuate Collection Set: 0.3ms
[2025-10-16T22:58:55.730+0530][gc,phases   ] GC(4)   Other: 0.0ms
[2025-10-16T22:58:55.730+0530][gc,heap     ] GC(4) Eden regions: 8->0(50)
[2025-10-16T22:58:55.730+0530][gc,heap     ] GC(4) Survivor regions: 6->1(7)
[2025-10-16T22:58:55.730+0530][gc,heap     ] GC(4) Old regions: 11->16
[2025-10-16T22:58:55.730+0530][gc,heap     ] GC(4) Humongous regions: 9->9
[2025-10-16T22:58:55.730+0530][gc,metaspace] GC(4) Metaspace: 35703K(36160K)->35703K(36160K) NonClass: 31574K(31808K)->31574K(31808K) Class: 4128K(4352K)->4128K(4352K)
[2025-10-16T22:58:55.730+0530][gc          ] GC(4) Pause Young (Mixed) (Metadata GC Threshold) 31M->25M(1024M) 6.068ms
[2025-10-16T22:58:55.730+0530][gc,cpu      ] GC(4) User=0.03s Sys=0.03s Real=0.01s
[2025-10-16T22:58:55.747+0530][gc,start    ] GC(5) Pause Young (Concurrent Start) (Metadata GC Threshold)
[2025-10-16T22:58:55.747+0530][gc,task     ] GC(5) Using 10 workers of 10 for evacuation
[2025-10-16T22:58:55.748+0530][gc,phases   ] GC(5)   Pre Evacuate Collection Set: 0.2ms
[2025-10-16T22:58:55.748+0530][gc,phases   ] GC(5)   Merge Heap Roots: 0.0ms
[2025-10-16T22:58:55.748+0530][gc,phases   ] GC(5)   Evacuate Collection Set: 0.5ms
[2025-10-16T22:58:55.748+0530][gc,phases   ] GC(5)   Post Evacuate Collection Set: 0.1ms
[2025-10-16T22:58:55.748+0530][gc,phases   ] GC(5)   Other: 0.0ms
[2025-10-16T22:58:55.748+0530][gc,heap     ] GC(5) Eden regions: 2->0(50)
[2025-10-16T22:58:55.748+0530][gc,heap     ] GC(5) Survivor regions: 1->1(7)
[2025-10-16T22:58:55.748+0530][gc,heap     ] GC(5) Old regions: 16->16
[2025-10-16T22:58:55.748+0530][gc,heap     ] GC(5) Humongous regions: 9->9
[2025-10-16T22:58:55.748+0530][gc,metaspace] GC(5) Metaspace: 36069K(36480K)->36069K(36480K) NonClass: 31903K(32128K)->31903K(32128K) Class: 4165K(4352K)->4165K(4352K)
[2025-10-16T22:58:55.748+0530][gc          ] GC(5) Pause Young (Concurrent Start) (Metadata GC Threshold) 27M->24M(1024M) 0.997ms
[2025-10-16T22:58:55.748+0530][gc,cpu      ] GC(5) User=0.00s Sys=0.00s Real=0.00s
[2025-10-16T22:58:55.748+0530][gc          ] GC(6) Concurrent Mark Cycle
[2025-10-16T22:58:55.748+0530][gc,marking  ] GC(6) Concurrent Scan Root Regions
[2025-10-16T22:58:55.749+0530][gc,marking  ] GC(6) Concurrent Scan Root Regions 0.589ms
[2025-10-16T22:58:55.749+0530][gc,marking  ] GC(6) Concurrent Mark
[2025-10-16T22:58:55.749+0530][gc,marking  ] GC(6) Concurrent Mark From Roots
[2025-10-16T22:58:55.749+0530][gc,task     ] GC(6) Using 3 workers of 3 for marking
[2025-10-16T22:58:55.755+0530][gc,marking  ] GC(6) Concurrent Mark From Roots 5.689ms
[2025-10-16T22:58:55.755+0530][gc,marking  ] GC(6) Concurrent Preclean
[2025-10-16T22:58:55.755+0530][gc,marking  ] GC(6) Concurrent Preclean 0.028ms
[2025-10-16T22:58:55.755+0530][gc,start    ] GC(6) Pause Remark
[2025-10-16T22:58:55.757+0530][gc          ] GC(6) Pause Remark 26M->26M(1024M) 1.907ms
[2025-10-16T22:58:55.757+0530][gc,cpu      ] GC(6) User=0.00s Sys=0.00s Real=0.00s
[2025-10-16T22:58:55.757+0530][gc,marking  ] GC(6) Concurrent Mark 7.785ms
[2025-10-16T22:58:55.757+0530][gc,marking  ] GC(6) Concurrent Rebuild Remembered Sets and Scrub Regions
[2025-10-16T22:58:55.759+0530][gc,marking  ] GC(6) Concurrent Rebuild Remembered Sets and Scrub Regions 2.428ms
[2025-10-16T22:58:55.760+0530][gc,start    ] GC(6) Pause Cleanup
[2025-10-16T22:58:55.760+0530][gc          ] GC(6) Pause Cleanup 27M->27M(1024M) 0.083ms
[2025-10-16T22:58:55.760+0530][gc,cpu      ] GC(6) User=0.00s Sys=0.00s Real=0.00s
[2025-10-16T22:58:55.760+0530][gc,marking  ] GC(6) Concurrent Clear Claimed Marks
[2025-10-16T22:58:55.760+0530][gc,marking  ] GC(6) Concurrent Clear Claimed Marks 0.035ms
[2025-10-16T22:58:55.760+0530][gc,marking  ] GC(6) Concurrent Cleanup for Next Mark
[2025-10-16T22:58:55.761+0530][gc,marking  ] GC(6) Concurrent Cleanup for Next Mark 0.615ms
[2025-10-16T22:58:55.761+0530][gc          ] GC(6) Concurrent Mark Cycle 12.344ms
[2025-10-16T22:58:56.008+0530][gc,start    ] GC(7) Pause Young (Prepare Mixed) (G1 Evacuation Pause)
[2025-10-16T22:58:56.008+0530][gc,task     ] GC(7) Using 10 workers of 10 for evacuation
[2025-10-16T22:58:56.011+0530][gc,phases   ] GC(7)   Pre Evacuate Collection Set: 0.1ms
[2025-10-16T22:58:56.011+0530][gc,phases   ] GC(7)   Merge Heap Roots: 0.0ms
[2025-10-16T22:58:56.011+0530][gc,phases   ] GC(7)   Evacuate Collection Set: 2.0ms
[2025-10-16T22:58:56.011+0530][gc,phases   ] GC(7)   Post Evacuate Collection Set: 0.4ms
[2025-10-16T22:58:56.011+0530][gc,phases   ] GC(7)   Other: 0.0ms
[2025-10-16T22:58:56.011+0530][gc,heap     ] GC(7) Eden regions: 50->0(44)
[2025-10-16T22:58:56.011+0530][gc,heap     ] GC(7) Survivor regions: 1->7(7)
[2025-10-16T22:58:56.011+0530][gc,heap     ] GC(7) Old regions: 16->17
[2025-10-16T22:58:56.011+0530][gc,heap     ] GC(7) Humongous regions: 138->138
[2025-10-16T22:58:56.011+0530][gc,metaspace] GC(7) Metaspace: 43583K(44416K)->43583K(44416K) NonClass: 38476K(38976K)->38476K(38976K) Class: 5106K(5440K)->5106K(5440K)
[2025-10-16T22:58:56.011+0530][gc          ] GC(7) Pause Young (Prepare Mixed) (G1 Evacuation Pause) 203M->161M(1024M) 2.780ms
[2025-10-16T22:58:56.011+0530][gc,cpu      ] GC(7) User=0.02s Sys=0.00s Real=0.01s
[2025-10-16T23:00:01.723+0530][gc,start    ] GC(8) Pause Young (Mixed) (G1 Evacuation Pause)
[2025-10-16T23:00:01.723+0530][gc,task     ] GC(8) Using 10 workers of 10 for evacuation
[2025-10-16T23:00:01.727+0530][gc,phases   ] GC(8)   Pre Evacuate Collection Set: 0.2ms
[2025-10-16T23:00:01.727+0530][gc,phases   ] GC(8)   Merge Heap Roots: 0.0ms
[2025-10-16T23:00:01.727+0530][gc,phases   ] GC(8)   Evacuate Collection Set: 2.7ms
[2025-10-16T23:00:01.727+0530][gc,phases   ] GC(8)   Post Evacuate Collection Set: 0.4ms
[2025-10-16T23:00:01.727+0530][gc,phases   ] GC(8)   Other: 0.0ms
[2025-10-16T23:00:01.727+0530][gc,heap     ] GC(8) Eden regions: 44->0(48)
[2025-10-16T23:00:01.727+0530][gc,heap     ] GC(8) Survivor regions: 7->3(7)
[2025-10-16T23:00:01.727+0530][gc,heap     ] GC(8) Old regions: 17->24
[2025-10-16T23:00:01.727+0530][gc,heap     ] GC(8) Humongous regions: 139->139
[2025-10-16T23:00:01.727+0530][gc,metaspace] GC(8) Metaspace: 48423K(49536K)->48423K(49536K) NonClass: 42659K(43264K)->42659K(43264K) Class: 5763K(6272K)->5763K(6272K)
[2025-10-16T23:00:01.727+0530][gc          ] GC(8) Pause Young (Mixed) (G1 Evacuation Pause) 206M->165M(1024M) 4.027ms
[2025-10-16T23:00:01.727+0530][gc,cpu      ] GC(8) User=0.03s Sys=0.00s Real=0.00s
[2025-10-16T23:40:53.330+0530][gc,start    ] GC(9) Pause Young (Normal) (G1 Evacuation Pause)
[2025-10-16T23:40:53.330+0530][gc,task     ] GC(9) Using 10 workers of 10 for evacuation
[2025-10-16T23:40:53.334+0530][gc,phases   ] GC(9)   Pre Evacuate Collection Set: 0.2ms
[2025-10-16T23:40:53.334+0530][gc,phases   ] GC(9)   Merge Heap Roots: 0.1ms
[2025-10-16T23:40:53.334+0530][gc,phases   ] GC(9)   Evacuate Collection Set: 2.4ms
[2025-10-16T23:40:53.334+0530][gc,phases   ] GC(9)   Post Evacuate Collection Set: 0.7ms
[2025-10-16T23:40:53.334+0530][gc,phases   ] GC(9)   Other: 0.1ms
[2025-10-16T23:40:53.334+0530][gc,heap     ] GC(9) Eden regions: 48->0(46)
[2025-10-16T23:40:53.334+0530][gc,heap     ] GC(9) Survivor regions: 3->5(7)
[2025-10-16T23:40:53.334+0530][gc,heap     ] GC(9) Old regions: 24->24
[2025-10-16T23:40:53.334+0530][gc,heap     ] GC(9) Humongous regions: 139->139
[2025-10-16T23:40:53.334+0530][gc,metaspace] GC(9) Metaspace: 49913K(51008K)->49913K(51008K) NonClass: 44147K(44736K)->44147K(44736K) Class: 5765K(6272K)->5765K(6272K)
[2025-10-16T23:40:53.334+0530][gc          ] GC(9) Pause Young (Normal) (G1 Evacuation Pause) 213M->167M(1024M) 3.649ms
[2025-10-16T23:40:53.334+0530][gc,cpu      ] GC(9) User=0.02s Sys=0.00s Real=0.00s
[2025-10-16T23:46:01.648+0530][gc,start    ] GC(10) Pause Young (Normal) (G1 Evacuation Pause)
[2025-10-16T23:46:01.649+0530][gc,task     ] GC(10) Using 10 workers of 10 for evacuation
[2025-10-16T23:46:01.655+0530][gc,phases   ] GC(10)   Pre Evacuate Collection Set: 0.5ms
[2025-10-16T23:46:01.655+0530][gc,phases   ] GC(10)   Merge Heap Roots: 0.1ms
[2025-10-16T23:46:01.655+0530][gc,phases   ] GC(10)   Evacuate Collection Set: 4.6ms
[2025-10-16T23:46:01.655+0530][gc,phases   ] GC(10)   Post Evacuate Collection Set: 0.6ms
[2025-10-16T23:46:01.655+0530][gc,phases   ] GC(10)   Other: 0.1ms
[2025-10-16T23:46:01.655+0530][gc,heap     ] GC(10) Eden regions: 46->0(48)
[2025-10-16T23:46:01.655+0530][gc,heap     ] GC(10) Survivor regions: 5->3(7)
[2025-10-16T23:46:01.655+0530][gc,heap     ] GC(10) Old regions: 24->27
[2025-10-16T23:46:01.655+0530][gc,heap     ] GC(10) Humongous regions: 139->139
[2025-10-16T23:46:01.655+0530][gc,metaspace] GC(10) Metaspace: 50145K(51264K)->50145K(51264K) NonClass: 44366K(44992K)->44366K(44992K) Class: 5779K(6272K)->5779K(6272K)
[2025-10-16T23:46:01.655+0530][gc          ] GC(10) Pause Young (Normal) (G1 Evacuation Pause) 213M->168M(1024M) 6.233ms
[2025-10-16T23:46:01.655+0530][gc,cpu      ] GC(10) User=0.05s Sys=0.00s Real=0.00s
[2025-10-16T23:51:33.544+0530][gc,start    ] GC(11) Pause Young (Normal) (G1 Evacuation Pause)
[2025-10-16T23:51:33.544+0530][gc,task     ] GC(11) Using 10 workers of 10 for evacuation
[2025-10-16T23:51:33.548+0530][gc,phases   ] GC(11)   Pre Evacuate Collection Set: 0.5ms
[2025-10-16T23:51:33.549+0530][gc,phases   ] GC(11)   Merge Heap Roots: 0.1ms
[2025-10-16T23:51:33.549+0530][gc,phases   ] GC(11)   Evacuate Collection Set: 3.1ms
[2025-10-16T23:51:33.549+0530][gc,phases   ] GC(11)   Post Evacuate Collection Set: 0.4ms
[2025-10-16T23:51:33.549+0530][gc,phases   ] GC(11)   Other: 0.1ms
[2025-10-16T23:51:33.549+0530][gc,heap     ] GC(11) Eden regions: 48->0(46)
[2025-10-16T23:51:33.549+0530][gc,heap     ] GC(11) Survivor regions: 3->5(7)
[2025-10-16T23:51:33.549+0530][gc,heap     ] GC(11) Old regions: 27->27
[2025-10-16T23:51:33.549+0530][gc,heap     ] GC(11) Humongous regions: 139->139
[2025-10-16T23:51:33.549+0530][gc,metaspace] GC(11) Metaspace: 50265K(51392K)->50265K(51392K) NonClass: 44486K(45120K)->44486K(45120K) Class: 5779K(6272K)->5779K(6272K)
[2025-10-16T23:51:33.549+0530][gc          ] GC(11) Pause Young (Normal) (G1 Evacuation Pause) 216M->169M(1024M) 4.337ms
[2025-10-16T23:51:33.549+0530][gc,cpu      ] GC(11) User=0.03s Sys=0.00s Real=0.01s
[2025-10-16T23:56:56.743+0530][gc,start    ] GC(12) Pause Young (Normal) (G1 Evacuation Pause)
[2025-10-16T23:56:56.743+0530][gc,task     ] GC(12) Using 10 workers of 10 for evacuation
[2025-10-16T23:56:56.748+0530][gc,phases   ] GC(12)   Pre Evacuate Collection Set: 0.2ms
[2025-10-16T23:56:56.748+0530][gc,phases   ] GC(12)   Merge Heap Roots: 0.1ms
[2025-10-16T23:56:56.748+0530][gc,phases   ] GC(12)   Evacuate Collection Set: 3.4ms
[2025-10-16T23:56:56.748+0530][gc,phases   ] GC(12)   Post Evacuate Collection Set: 0.4ms
[2025-10-16T23:56:56.748+0530][gc,phases   ] GC(12)   Other: 0.1ms
[2025-10-16T23:56:56.748+0530][gc,heap     ] GC(12) Eden regions: 46->0(73)
[2025-10-16T23:56:56.748+0530][gc,heap     ] GC(12) Survivor regions: 5->4(7)
[2025-10-16T23:56:56.748+0530][gc,heap     ] GC(12) Old regions: 27->28
[2025-10-16T23:56:56.748+0530][gc,heap     ] GC(12) Humongous regions: 139->139
[2025-10-16T23:56:56.748+0530][gc,metaspace] GC(12) Metaspace: 50339K(51392K)->50339K(51392K) NonClass: 44559K(45120K)->44559K(45120K) Class: 5779K(6272K)->5779K(6272K)
[2025-10-16T23:56:56.748+0530][gc          ] GC(12) Pause Young (Normal) (G1 Evacuation Pause) 215M->170M(1024M) 4.375ms
[2025-10-16T23:56:56.748+0530][gc,cpu      ] GC(12) User=0.03s Sys=0.00s Real=0.01s
[2025-10-17T00:05:51.794+0530][gc,start    ] GC(13) Pause Young (Normal) (G1 Evacuation Pause)
[2025-10-17T00:05:51.794+0530][gc,task     ] GC(13) Using 10 workers of 10 for evacuation
[2025-10-17T00:05:51.803+0530][gc,phases   ] GC(13)   Pre Evacuate Collection Set: 0.5ms
[2025-10-17T00:05:51.803+0530][gc,phases   ] GC(13)   Merge Heap Roots: 0.2ms
[2025-10-17T00:05:51.803+0530][gc,phases   ] GC(13)   Evacuate Collection Set: 7.1ms
[2025-10-17T00:05:51.803+0530][gc,phases   ] GC(13)   Post Evacuate Collection Set: 0.5ms
[2025-10-17T00:05:51.803+0530][gc,phases   ] GC(13)   Other: 0.1ms
[2025-10-17T00:05:51.803+0530][gc,heap     ] GC(13) Eden regions: 73->0(68)
[2025-10-17T00:05:51.803+0530][gc,heap     ] GC(13) Survivor regions: 4->6(10)
[2025-10-17T00:05:51.803+0530][gc,heap     ] GC(13) Old regions: 28->28
[2025-10-17T00:05:51.803+0530][gc,heap     ] GC(13) Humongous regions: 139->139
[2025-10-17T00:05:51.803+0530][gc,metaspace] GC(13) Metaspace: 50389K(51520K)->50389K(51520K) NonClass: 44610K(45248K)->44610K(45248K) Class: 5779K(6272K)->5779K(6272K)
[2025-10-17T00:05:51.803+0530][gc          ] GC(13) Pause Young (Normal) (G1 Evacuation Pause) 243M->172M(1024M) 8.675ms
[2025-10-17T00:05:51.803+0530][gc,cpu      ] GC(13) User=0.05s Sys=0.03s Real=0.01s
[2025-10-17T00:42:06.500+0530][gc,start    ] GC(14) Pause Young (Normal) (G1 Evacuation Pause)
[2025-10-17T00:42:06.501+0530][gc,task     ] GC(14) Using 10 workers of 10 for evacuation
[2025-10-17T00:42:06.511+0530][gc,phases   ] GC(14)   Pre Evacuate Collection Set: 0.4ms
[2025-10-17T00:42:06.511+0530][gc,phases   ] GC(14)   Merge Heap Roots: 0.2ms
[2025-10-17T00:42:06.511+0530][gc,phases   ] GC(14)   Evacuate Collection Set: 9.1ms
[2025-10-17T00:42:06.511+0530][gc,phases   ] GC(14)   Post Evacuate Collection Set: 0.7ms
[2025-10-17T00:42:06.511+0530][gc,phases   ] GC(14)   Other: 0.1ms
[2025-10-17T00:42:06.511+0530][gc,heap     ] GC(14) Eden regions: 68->0(73)
[2025-10-17T00:42:06.511+0530][gc,heap     ] GC(14) Survivor regions: 6->8(10)
[2025-10-17T00:42:06.511+0530][gc,heap     ] GC(14) Old regions: 28->29
[2025-10-17T00:42:06.511+0530][gc,heap     ] GC(14) Humongous regions: 139->139
[2025-10-17T00:42:06.511+0530][gc,metaspace] GC(14) Metaspace: 50405K(51520K)->50405K(51520K) NonClass: 44625K(45248K)->44625K(45248K) Class: 5780K(6272K)->5780K(6272K)
[2025-10-17T00:42:06.511+0530][gc          ] GC(14) Pause Young (Normal) (G1 Evacuation Pause) 240M->174M(1024M) 10.912ms
[2025-10-17T00:42:06.511+0530][gc,cpu      ] GC(14) User=0.10s Sys=0.00s Real=0.01s
[2025-10-17T00:45:39.930+0530][gc,start    ] GC(15) Pause Young (Normal) (G1 Evacuation Pause)
[2025-10-17T00:45:39.930+0530][gc,task     ] GC(15) Using 10 workers of 10 for evacuation
[2025-10-17T00:45:39.938+0530][gc,phases   ] GC(15)   Pre Evacuate Collection Set: 0.2ms
[2025-10-17T00:45:39.938+0530][gc,phases   ] GC(15)   Merge Heap Roots: 0.1ms
[2025-10-17T00:45:39.938+0530][gc,phases   ] GC(15)   Evacuate Collection Set: 6.7ms
[2025-10-17T00:45:39.938+0530][gc,phases   ] GC(15)   Post Evacuate Collection Set: 0.4ms
[2025-10-17T00:45:39.938+0530][gc,phases   ] GC(15)   Other: 0.1ms
[2025-10-17T00:45:39.938+0530][gc,heap     ] GC(15) Eden regions: 43->0(188)
[2025-10-17T00:45:39.938+0530][gc,heap     ] GC(15) Survivor regions: 8->5(7)
[2025-10-17T00:45:39.938+0530][gc,heap     ] GC(15) Old regions: 29->33
[2025-10-17T00:45:39.938+0530][gc,heap     ] GC(15) Humongous regions: 139->139
[2025-10-17T00:45:39.938+0530][gc,metaspace] GC(15) Metaspace: 51910K(53056K)->51910K(53056K) NonClass: 45828K(46464K)->45828K(46464K) Class: 6082K(6592K)->6082K(6592K)
[2025-10-17T00:45:39.938+0530][gc          ] GC(15) Pause Young (Normal) (G1 Evacuation Pause) 217M->175M(1024M) 7.803ms
[2025-10-17T00:45:39.938+0530][gc,cpu      ] GC(15) User=0.03s Sys=0.03s Real=0.01s
[2025-10-17T00:45:39.959+0530][gc,heap,exit] Heap
[2025-10-17T00:45:39.959+0530][gc,heap,exit]  garbage-first heap   total 1048576K, used 181765K [0x00000000c0000000, 0x0000000100000000)
[2025-10-17T00:45:39.959+0530][gc,heap,exit]   region size 1024K, 8 young (8192K), 5 survivors (5120K)
[2025-10-17T00:45:39.959+0530][gc,heap,exit]  Metaspace       used 51962K, committed 53056K, reserved 1114112K
[2025-10-17T00:45:39.959+0530][gc,heap,exit]   class space    used 6096K, committed 6592K, reserved 1048576K
