[2025-10-07T08:14:15.817+0530][gc,init] CardTable entry size: 512
[2025-10-07T08:14:15.818+0530][gc     ] Using G1
[2025-10-07T08:14:15.826+0530][gc,init] Version: 21.0.8+9-Debian-1 (release)
[2025-10-07T08:14:15.826+0530][gc,init] CPUs: 12 total, 12 available
[2025-10-07T08:14:15.826+0530][gc,init] Memory: 15720M
[2025-10-07T08:14:15.826+0530][gc,init] Large Page Support: Disabled
[2025-10-07T08:14:15.826+0530][gc,init] NUMA Support: Disabled
[2025-10-07T08:14:15.826+0530][gc,init] Compressed Oops: Enabled (32-bit)
[2025-10-07T08:14:15.826+0530][gc,init] Heap Region Size: 1M
[2025-10-07T08:14:15.826+0530][gc,init] Heap Min Capacity: 1G
[2025-10-07T08:14:15.826+0530][gc,init] Heap Initial Capacity: 1G
[2025-10-07T08:14:15.826+0530][gc,init] Heap Max Capacity: 1G
[2025-10-07T08:14:15.826+0530][gc,init] Pre-touch: Disabled
[2025-10-07T08:14:15.826+0530][gc,init] Parallel Workers: 10
[2025-10-07T08:14:15.826+0530][gc,init] Concurrent Workers: 3
[2025-10-07T08:14:15.826+0530][gc,init] Concurrent Refinement Workers: 10
[2025-10-07T08:14:15.826+0530][gc,init] Periodic GC: Disabled
[2025-10-07T08:14:15.834+0530][gc,metaspace] CDS archive(s) mapped at: [0x00007f2683000000-0x00007f2683ca0000-0x00007f2683ca0000), size 13238272, SharedBaseAddress: 0x00007f2683000000, ArchiveRelocationMode: 1.
[2025-10-07T08:14:15.834+0530][gc,metaspace] Compressed class space mapped at: 0x00007f2684000000-0x00007f26c4000000, reserved size: 1073741824
[2025-10-07T08:14:15.834+0530][gc,metaspace] Narrow klass base: 0x00007f2683000000, Narrow klass shift: 0, Narrow klass range: 0x100000000
[2025-10-07T08:14:17.077+0530][gc,start    ] GC(0) Pause Young (Normal) (G1 Evacuation Pause)
[2025-10-07T08:14:17.078+0530][gc,task     ] GC(0) Using 10 workers of 10 for evacuation
[2025-10-07T08:14:17.088+0530][gc,phases   ] GC(0)   Pre Evacuate Collection Set: 0.2ms
[2025-10-07T08:14:17.088+0530][gc,phases   ] GC(0)   Merge Heap Roots: 0.1ms
[2025-10-07T08:14:17.088+0530][gc,phases   ] GC(0)   Evacuate Collection Set: 8.5ms
[2025-10-07T08:14:17.088+0530][gc,phases   ] GC(0)   Post Evacuate Collection Set: 0.7ms
[2025-10-07T08:14:17.088+0530][gc,phases   ] GC(0)   Other: 1.0ms
[2025-10-07T08:14:17.088+0530][gc,heap     ] GC(0) Eden regions: 51->0(44)
[2025-10-07T08:14:17.088+0530][gc,heap     ] GC(0) Survivor regions: 0->7(7)
[2025-10-07T08:14:17.088+0530][gc,heap     ] GC(0) Old regions: 2->4
[2025-10-07T08:14:17.088+0530][gc,heap     ] GC(0) Humongous regions: 0->0
[2025-10-07T08:14:17.088+0530][gc,metaspace] GC(0) Metaspace: 15695K(15936K)->15695K(15936K) NonClass: 13948K(14080K)->13948K(14080K) Class: 1746K(1856K)->1746K(1856K)
[2025-10-07T08:14:17.088+0530][gc          ] GC(0) Pause Young (Normal) (G1 Evacuation Pause) 52M->9M(1024M) 10.759ms
[2025-10-07T08:14:17.088+0530][gc,cpu      ] GC(0) User=0.07s Sys=0.01s Real=0.00s
[2025-10-07T08:14:17.398+0530][gc,start    ] GC(1) Pause Young (Concurrent Start) (Metadata GC Threshold)
[2025-10-07T08:14:17.398+0530][gc,task     ] GC(1) Using 10 workers of 10 for evacuation
[2025-10-07T08:14:17.407+0530][gc,phases   ] GC(1)   Pre Evacuate Collection Set: 0.2ms
[2025-10-07T08:14:17.407+0530][gc,phases   ] GC(1)   Merge Heap Roots: 0.0ms
[2025-10-07T08:14:17.407+0530][gc,phases   ] GC(1)   Evacuate Collection Set: 8.0ms
[2025-10-07T08:14:17.407+0530][gc,phases   ] GC(1)   Post Evacuate Collection Set: 0.5ms
[2025-10-07T08:14:17.407+0530][gc,phases   ] GC(1)   Other: 0.1ms
[2025-10-07T08:14:17.407+0530][gc,heap     ] GC(1) Eden regions: 17->0(49)
[2025-10-07T08:14:17.407+0530][gc,heap     ] GC(1) Survivor regions: 7->2(7)
[2025-10-07T08:14:17.407+0530][gc,heap     ] GC(1) Old regions: 4->11
[2025-10-07T08:14:17.407+0530][gc,heap     ] GC(1) Humongous regions: 0->0
[2025-10-07T08:14:17.407+0530][gc,metaspace] GC(1) Metaspace: 21254K(21504K)->21254K(21504K) NonClass: 18686K(18816K)->18686K(18816K) Class: 2567K(2688K)->2567K(2688K)
[2025-10-07T08:14:17.407+0530][gc          ] GC(1) Pause Young (Concurrent Start) (Metadata GC Threshold) 25M->11M(1024M) 8.954ms
[2025-10-07T08:14:17.407+0530][gc,cpu      ] GC(1) User=0.03s Sys=0.06s Real=0.00s
[2025-10-07T08:14:17.407+0530][gc          ] GC(2) Concurrent Mark Cycle
[2025-10-07T08:14:17.407+0530][gc,marking  ] GC(2) Concurrent Scan Root Regions
[2025-10-07T08:14:17.410+0530][gc,marking  ] GC(2) Concurrent Scan Root Regions 2.462ms
[2025-10-07T08:14:17.410+0530][gc,marking  ] GC(2) Concurrent Mark
[2025-10-07T08:14:17.410+0530][gc,marking  ] GC(2) Concurrent Mark From Roots
[2025-10-07T08:14:17.410+0530][gc,task     ] GC(2) Using 3 workers of 3 for marking
[2025-10-07T08:14:17.413+0530][gc,marking  ] GC(2) Concurrent Mark From Roots 3.356ms
[2025-10-07T08:14:17.413+0530][gc,marking  ] GC(2) Concurrent Preclean
[2025-10-07T08:14:17.413+0530][gc,marking  ] GC(2) Concurrent Preclean 0.011ms
[2025-10-07T08:14:17.413+0530][gc,start    ] GC(2) Pause Remark
[2025-10-07T08:14:17.415+0530][gc          ] GC(2) Pause Remark 12M->12M(1024M) 1.669ms
[2025-10-07T08:14:17.415+0530][gc,cpu      ] GC(2) User=0.01s Sys=0.00s Real=0.00s
[2025-10-07T08:14:17.415+0530][gc,marking  ] GC(2) Concurrent Mark 5.334ms
[2025-10-07T08:14:17.415+0530][gc,marking  ] GC(2) Concurrent Rebuild Remembered Sets and Scrub Regions
[2025-10-07T08:14:17.417+0530][gc,marking  ] GC(2) Concurrent Rebuild Remembered Sets and Scrub Regions 1.800ms
[2025-10-07T08:14:17.417+0530][gc,start    ] GC(2) Pause Cleanup
[2025-10-07T08:14:17.417+0530][gc          ] GC(2) Pause Cleanup 12M->12M(1024M) 0.153ms
[2025-10-07T08:14:17.417+0530][gc,cpu      ] GC(2) User=0.00s Sys=0.00s Real=0.00s
[2025-10-07T08:14:17.417+0530][gc,marking  ] GC(2) Concurrent Clear Claimed Marks
[2025-10-07T08:14:17.417+0530][gc,marking  ] GC(2) Concurrent Clear Claimed Marks 0.032ms
[2025-10-07T08:14:17.417+0530][gc,marking  ] GC(2) Concurrent Cleanup for Next Mark
[2025-10-07T08:14:17.421+0530][gc,marking  ] GC(2) Concurrent Cleanup for Next Mark 4.042ms
[2025-10-07T08:14:17.421+0530][gc          ] GC(2) Concurrent Mark Cycle 14.139ms
[2025-10-07T08:14:17.440+0530][gc,heap,exit] Heap
[2025-10-07T08:14:17.440+0530][gc,heap,exit]  garbage-first heap   total 1048576K, used 13873K [0x00000000c0000000, 0x0000000100000000)
[2025-10-07T08:14:17.440+0530][gc,heap,exit]   region size 1024K, 5 young (5120K), 2 survivors (2048K)
[2025-10-07T08:14:17.440+0530][gc,heap,exit]  Metaspace       used 21580K, committed 21824K, reserved 1114112K
[2025-10-07T08:14:17.440+0530][gc,heap,exit]   class space    used 2610K, committed 2752K, reserved 1048576K
