[2025-10-06T21:20:45.769+0530][gc,init] CardTable entry size: 512
[2025-10-06T21:20:45.770+0530][gc     ] Using G1
[2025-10-06T21:20:45.777+0530][gc,init] Version: 21.0.8+9-Debian-1 (release)
[2025-10-06T21:20:45.777+0530][gc,init] CPUs: 12 total, 12 available
[2025-10-06T21:20:45.777+0530][gc,init] Memory: 15720M
[2025-10-06T21:20:45.777+0530][gc,init] Large Page Support: Disabled
[2025-10-06T21:20:45.777+0530][gc,init] NUMA Support: Disabled
[2025-10-06T21:20:45.777+0530][gc,init] Compressed Oops: Enabled (32-bit)
[2025-10-06T21:20:45.777+0530][gc,init] Heap Region Size: 1M
[2025-10-06T21:20:45.777+0530][gc,init] Heap Min Capacity: 1G
[2025-10-06T21:20:45.777+0530][gc,init] Heap Initial Capacity: 1G
[2025-10-06T21:20:45.777+0530][gc,init] Heap Max Capacity: 1G
[2025-10-06T21:20:45.777+0530][gc,init] Pre-touch: Disabled
[2025-10-06T21:20:45.777+0530][gc,init] Parallel Workers: 10
[2025-10-06T21:20:45.777+0530][gc,init] Concurrent Workers: 3
[2025-10-06T21:20:45.777+0530][gc,init] Concurrent Refinement Workers: 10
[2025-10-06T21:20:45.777+0530][gc,init] Periodic GC: Disabled
[2025-10-06T21:20:45.785+0530][gc,metaspace] CDS archive(s) mapped at: [0x00007f7077000000-0x00007f7077ca0000-0x00007f7077ca0000), size 13238272, SharedBaseAddress: 0x00007f7077000000, ArchiveRelocationMode: 1.
[2025-10-06T21:20:45.785+0530][gc,metaspace] Compressed class space mapped at: 0x00007f7078000000-0x00007f70b8000000, reserved size: 1073741824
[2025-10-06T21:20:45.785+0530][gc,metaspace] Narrow klass base: 0x00007f7077000000, Narrow klass shift: 0, Narrow klass range: 0x100000000
[2025-10-06T21:20:46.259+0530][gc,start    ] GC(0) Pause Young (Normal) (G1 Evacuation Pause)
[2025-10-06T21:20:46.260+0530][gc,task     ] GC(0) Using 10 workers of 10 for evacuation
[2025-10-06T21:20:46.269+0530][gc,phases   ] GC(0)   Pre Evacuate Collection Set: 0.1ms
[2025-10-06T21:20:46.269+0530][gc,phases   ] GC(0)   Merge Heap Roots: 0.0ms
[2025-10-06T21:20:46.269+0530][gc,phases   ] GC(0)   Evacuate Collection Set: 8.6ms
[2025-10-06T21:20:46.269+0530][gc,phases   ] GC(0)   Post Evacuate Collection Set: 0.4ms
[2025-10-06T21:20:46.269+0530][gc,phases   ] GC(0)   Other: 0.7ms
[2025-10-06T21:20:46.269+0530][gc,heap     ] GC(0) Eden regions: 51->0(44)
[2025-10-06T21:20:46.269+0530][gc,heap     ] GC(0) Survivor regions: 0->7(7)
[2025-10-06T21:20:46.269+0530][gc,heap     ] GC(0) Old regions: 2->4
[2025-10-06T21:20:46.269+0530][gc,heap     ] GC(0) Humongous regions: 0->0
[2025-10-06T21:20:46.269+0530][gc,metaspace] GC(0) Metaspace: 15634K(15872K)->15634K(15872K) NonClass: 13900K(14016K)->13900K(14016K) Class: 1734K(1856K)->1734K(1856K)
[2025-10-06T21:20:46.269+0530][gc          ] GC(0) Pause Young (Normal) (G1 Evacuation Pause) 52M->9M(1024M) 10.019ms
[2025-10-06T21:20:46.269+0530][gc,cpu      ] GC(0) User=0.05s Sys=0.04s Real=0.01s
[2025-10-06T21:20:46.405+0530][gc,start    ] GC(1) Pause Young (Concurrent Start) (Metadata GC Threshold)
[2025-10-06T21:20:46.405+0530][gc,task     ] GC(1) Using 10 workers of 10 for evacuation
[2025-10-06T21:20:46.411+0530][gc,phases   ] GC(1)   Pre Evacuate Collection Set: 0.2ms
[2025-10-06T21:20:46.411+0530][gc,phases   ] GC(1)   Merge Heap Roots: 0.0ms
[2025-10-06T21:20:46.411+0530][gc,phases   ] GC(1)   Evacuate Collection Set: 5.5ms
[2025-10-06T21:20:46.411+0530][gc,phases   ] GC(1)   Post Evacuate Collection Set: 0.4ms
[2025-10-06T21:20:46.411+0530][gc,phases   ] GC(1)   Other: 0.0ms
[2025-10-06T21:20:46.411+0530][gc,heap     ] GC(1) Eden regions: 17->0(49)
[2025-10-06T21:20:46.411+0530][gc,heap     ] GC(1) Survivor regions: 7->2(7)
[2025-10-06T21:20:46.411+0530][gc,heap     ] GC(1) Old regions: 4->11
[2025-10-06T21:20:46.411+0530][gc,heap     ] GC(1) Humongous regions: 0->0
[2025-10-06T21:20:46.411+0530][gc,metaspace] GC(1) Metaspace: 21279K(21504K)->21279K(21504K) NonClass: 18709K(18816K)->18709K(18816K) Class: 2570K(2688K)->2570K(2688K)
[2025-10-06T21:20:46.411+0530][gc          ] GC(1) Pause Young (Concurrent Start) (Metadata GC Threshold) 26M->11M(1024M) 6.303ms
[2025-10-06T21:20:46.411+0530][gc          ] GC(2) Concurrent Mark Cycle
[2025-10-06T21:20:46.411+0530][gc,marking  ] GC(2) Concurrent Scan Root Regions
[2025-10-06T21:20:46.411+0530][gc,cpu      ] GC(1) User=0.03s Sys=0.03s Real=0.01s
[2025-10-06T21:20:46.412+0530][gc,marking  ] GC(2) Concurrent Scan Root Regions 1.255ms
[2025-10-06T21:20:46.412+0530][gc,marking  ] GC(2) Concurrent Mark
[2025-10-06T21:20:46.412+0530][gc,marking  ] GC(2) Concurrent Mark From Roots
[2025-10-06T21:20:46.412+0530][gc,task     ] GC(2) Using 3 workers of 3 for marking
[2025-10-06T21:20:46.414+0530][gc,marking  ] GC(2) Concurrent Mark From Roots 1.378ms
[2025-10-06T21:20:46.414+0530][gc,marking  ] GC(2) Concurrent Preclean
[2025-10-06T21:20:46.414+0530][gc,marking  ] GC(2) Concurrent Preclean 0.005ms
[2025-10-06T21:20:46.414+0530][gc,start    ] GC(2) Pause Remark
[2025-10-06T21:20:46.415+0530][gc          ] GC(2) Pause Remark 12M->12M(1024M) 0.917ms
[2025-10-06T21:20:46.415+0530][gc,cpu      ] GC(2) User=0.01s Sys=0.00s Real=0.00s
[2025-10-06T21:20:46.415+0530][gc,marking  ] GC(2) Concurrent Mark 2.370ms
[2025-10-06T21:20:46.415+0530][gc,marking  ] GC(2) Concurrent Rebuild Remembered Sets and Scrub Regions
[2025-10-06T21:20:46.416+0530][gc,marking  ] GC(2) Concurrent Rebuild Remembered Sets and Scrub Regions 1.066ms
[2025-10-06T21:20:46.416+0530][gc,start    ] GC(2) Pause Cleanup
[2025-10-06T21:20:46.416+0530][gc          ] GC(2) Pause Cleanup 12M->12M(1024M) 0.077ms
[2025-10-06T21:20:46.416+0530][gc,cpu      ] GC(2) User=0.00s Sys=0.00s Real=0.00s
[2025-10-06T21:20:46.416+0530][gc,marking  ] GC(2) Concurrent Clear Claimed Marks
[2025-10-06T21:20:46.416+0530][gc,marking  ] GC(2) Concurrent Clear Claimed Marks 0.011ms
[2025-10-06T21:20:46.416+0530][gc,marking  ] GC(2) Concurrent Cleanup for Next Mark
[2025-10-06T21:20:46.418+0530][gc,marking  ] GC(2) Concurrent Cleanup for Next Mark 2.197ms
[2025-10-06T21:20:46.418+0530][gc          ] GC(2) Concurrent Mark Cycle 7.137ms
[2025-10-06T21:20:46.842+0530][gc,start    ] GC(3) Pause Young (Prepare Mixed) (G1 Evacuation Pause)
[2025-10-06T21:20:46.842+0530][gc,task     ] GC(3) Using 10 workers of 10 for evacuation
[2025-10-06T21:20:46.844+0530][gc,phases   ] GC(3)   Pre Evacuate Collection Set: 0.1ms
[2025-10-06T21:20:46.844+0530][gc,phases   ] GC(3)   Merge Heap Roots: 0.0ms
[2025-10-06T21:20:46.844+0530][gc,phases   ] GC(3)   Evacuate Collection Set: 1.4ms
[2025-10-06T21:20:46.844+0530][gc,phases   ] GC(3)   Post Evacuate Collection Set: 0.2ms
[2025-10-06T21:20:46.844+0530][gc,phases   ] GC(3)   Other: 0.0ms
[2025-10-06T21:20:46.844+0530][gc,heap     ] GC(3) Eden regions: 49->0(45)
[2025-10-06T21:20:46.844+0530][gc,heap     ] GC(3) Survivor regions: 2->6(7)
[2025-10-06T21:20:46.844+0530][gc,heap     ] GC(3) Old regions: 11->11
[2025-10-06T21:20:46.844+0530][gc,heap     ] GC(3) Humongous regions: 0->0
[2025-10-06T21:20:46.844+0530][gc,metaspace] GC(3) Metaspace: 34057K(34496K)->34057K(34496K) NonClass: 30163K(30400K)->30163K(30400K) Class: 3894K(4096K)->3894K(4096K)
[2025-10-06T21:20:46.844+0530][gc          ] GC(3) Pause Young (Prepare Mixed) (G1 Evacuation Pause) 60M->15M(1024M) 1.847ms
[2025-10-06T21:20:46.844+0530][gc,cpu      ] GC(3) User=0.01s Sys=0.00s Real=0.00s
[2025-10-06T21:20:46.897+0530][gc,start    ] GC(4) Pause Young (Mixed) (Metadata GC Threshold)
[2025-10-06T21:20:46.897+0530][gc,task     ] GC(4) Using 10 workers of 10 for evacuation
[2025-10-06T21:20:46.901+0530][gc,phases   ] GC(4)   Pre Evacuate Collection Set: 0.2ms
[2025-10-06T21:20:46.901+0530][gc,phases   ] GC(4)   Merge Heap Roots: 0.0ms
[2025-10-06T21:20:46.901+0530][gc,phases   ] GC(4)   Evacuate Collection Set: 4.3ms
[2025-10-06T21:20:46.901+0530][gc,phases   ] GC(4)   Post Evacuate Collection Set: 0.3ms
[2025-10-06T21:20:46.901+0530][gc,phases   ] GC(4)   Other: 0.0ms
[2025-10-06T21:20:46.901+0530][gc,heap     ] GC(4) Eden regions: 7->0(50)
[2025-10-06T21:20:46.901+0530][gc,heap     ] GC(4) Survivor regions: 6->1(7)
[2025-10-06T21:20:46.901+0530][gc,heap     ] GC(4) Old regions: 11->16
[2025-10-06T21:20:46.901+0530][gc,heap     ] GC(4) Humongous regions: 9->9
[2025-10-06T21:20:46.901+0530][gc,metaspace] GC(4) Metaspace: 35677K(36160K)->35677K(36160K) NonClass: 31558K(31872K)->31558K(31872K) Class: 4118K(4288K)->4118K(4288K)
[2025-10-06T21:20:46.902+0530][gc          ] GC(4) Pause Young (Mixed) (Metadata GC Threshold) 31M->25M(1024M) 4.879ms
[2025-10-06T21:20:46.902+0530][gc,cpu      ] GC(4) User=0.03s Sys=0.02s Real=0.01s
[2025-10-06T21:20:46.916+0530][gc,start    ] GC(5) Pause Young (Concurrent Start) (Metadata GC Threshold)
[2025-10-06T21:20:46.916+0530][gc,task     ] GC(5) Using 10 workers of 10 for evacuation
[2025-10-06T21:20:46.917+0530][gc,phases   ] GC(5)   Pre Evacuate Collection Set: 0.2ms
[2025-10-06T21:20:46.917+0530][gc,phases   ] GC(5)   Merge Heap Roots: 0.0ms
[2025-10-06T21:20:46.917+0530][gc,phases   ] GC(5)   Evacuate Collection Set: 0.4ms
[2025-10-06T21:20:46.917+0530][gc,phases   ] GC(5)   Post Evacuate Collection Set: 0.1ms
[2025-10-06T21:20:46.917+0530][gc,phases   ] GC(5)   Other: 0.0ms
[2025-10-06T21:20:46.917+0530][gc,heap     ] GC(5) Eden regions: 2->0(50)
[2025-10-06T21:20:46.917+0530][gc,heap     ] GC(5) Survivor regions: 1->1(7)
[2025-10-06T21:20:46.917+0530][gc,heap     ] GC(5) Old regions: 16->16
[2025-10-06T21:20:46.917+0530][gc,heap     ] GC(5) Humongous regions: 9->9
[2025-10-06T21:20:46.917+0530][gc,metaspace] GC(5) Metaspace: 36029K(36480K)->36029K(36480K) NonClass: 31877K(32128K)->31877K(32128K) Class: 4152K(4352K)->4152K(4352K)
[2025-10-06T21:20:46.917+0530][gc          ] GC(5) Pause Young (Concurrent Start) (Metadata GC Threshold) 26M->25M(1024M) 0.915ms
[2025-10-06T21:20:46.917+0530][gc,cpu      ] GC(5) User=0.01s Sys=0.00s Real=0.01s
[2025-10-06T21:20:46.917+0530][gc          ] GC(6) Concurrent Mark Cycle
[2025-10-06T21:20:46.917+0530][gc,marking  ] GC(6) Concurrent Scan Root Regions
[2025-10-06T21:20:46.918+0530][gc,marking  ] GC(6) Concurrent Scan Root Regions 0.431ms
[2025-10-06T21:20:46.918+0530][gc,marking  ] GC(6) Concurrent Mark
[2025-10-06T21:20:46.918+0530][gc,marking  ] GC(6) Concurrent Mark From Roots
[2025-10-06T21:20:46.918+0530][gc,task     ] GC(6) Using 3 workers of 3 for marking
[2025-10-06T21:20:46.922+0530][gc,marking  ] GC(6) Concurrent Mark From Roots 4.872ms
[2025-10-06T21:20:46.922+0530][gc,marking  ] GC(6) Concurrent Preclean
[2025-10-06T21:20:46.923+0530][gc,marking  ] GC(6) Concurrent Preclean 0.027ms
[2025-10-06T21:20:46.923+0530][gc,start    ] GC(6) Pause Remark
[2025-10-06T21:20:46.924+0530][gc          ] GC(6) Pause Remark 26M->26M(1024M) 0.904ms
[2025-10-06T21:20:46.924+0530][gc,cpu      ] GC(6) User=0.01s Sys=0.00s Real=0.00s
[2025-10-06T21:20:46.924+0530][gc,marking  ] GC(6) Concurrent Mark 5.955ms
[2025-10-06T21:20:46.924+0530][gc,marking  ] GC(6) Concurrent Rebuild Remembered Sets and Scrub Regions
[2025-10-06T21:20:46.926+0530][gc,marking  ] GC(6) Concurrent Rebuild Remembered Sets and Scrub Regions 2.450ms
[2025-10-06T21:20:46.926+0530][gc,start    ] GC(6) Pause Cleanup
[2025-10-06T21:20:46.926+0530][gc          ] GC(6) Pause Cleanup 26M->26M(1024M) 0.085ms
[2025-10-06T21:20:46.926+0530][gc,cpu      ] GC(6) User=0.00s Sys=0.00s Real=0.00s
[2025-10-06T21:20:46.926+0530][gc,marking  ] GC(6) Concurrent Clear Claimed Marks
[2025-10-06T21:20:46.926+0530][gc,marking  ] GC(6) Concurrent Clear Claimed Marks 0.023ms
[2025-10-06T21:20:46.926+0530][gc,marking  ] GC(6) Concurrent Cleanup for Next Mark
[2025-10-06T21:20:46.927+0530][gc,marking  ] GC(6) Concurrent Cleanup for Next Mark 0.597ms
[2025-10-06T21:20:46.927+0530][gc          ] GC(6) Concurrent Mark Cycle 9.728ms
[2025-10-06T21:20:47.186+0530][gc,start    ] GC(7) Pause Young (Prepare Mixed) (G1 Evacuation Pause)
[2025-10-06T21:20:47.186+0530][gc,task     ] GC(7) Using 10 workers of 10 for evacuation
[2025-10-06T21:20:47.189+0530][gc,phases   ] GC(7)   Pre Evacuate Collection Set: 0.3ms
[2025-10-06T21:20:47.189+0530][gc,phases   ] GC(7)   Merge Heap Roots: 0.0ms
[2025-10-06T21:20:47.189+0530][gc,phases   ] GC(7)   Evacuate Collection Set: 1.9ms
[2025-10-06T21:20:47.189+0530][gc,phases   ] GC(7)   Post Evacuate Collection Set: 0.3ms
[2025-10-06T21:20:47.189+0530][gc,phases   ] GC(7)   Other: 0.0ms
[2025-10-06T21:20:47.189+0530][gc,heap     ] GC(7) Eden regions: 50->0(44)
[2025-10-06T21:20:47.189+0530][gc,heap     ] GC(7) Survivor regions: 1->7(7)
[2025-10-06T21:20:47.189+0530][gc,heap     ] GC(7) Old regions: 16->17
[2025-10-06T21:20:47.189+0530][gc,heap     ] GC(7) Humongous regions: 138->138
[2025-10-06T21:20:47.189+0530][gc,metaspace] GC(7) Metaspace: 43420K(44224K)->43420K(44224K) NonClass: 38354K(38784K)->38354K(38784K) Class: 5066K(5440K)->5066K(5440K)
[2025-10-06T21:20:47.189+0530][gc          ] GC(7) Pause Young (Prepare Mixed) (G1 Evacuation Pause) 204M->161M(1024M) 2.629ms
[2025-10-06T21:20:47.189+0530][gc,cpu      ] GC(7) User=0.01s Sys=0.00s Real=0.00s
[2025-10-06T21:20:51.059+0530][gc,heap,exit] Heap
[2025-10-06T21:20:51.059+0530][gc,heap,exit]  garbage-first heap   total 1048576K, used 188173K [0x00000000c0000000, 0x0000000100000000)
[2025-10-06T21:20:51.059+0530][gc,heap,exit]   region size 1024K, 29 young (29696K), 7 survivors (7168K)
[2025-10-06T21:20:51.059+0530][gc,heap,exit]  Metaspace       used 45199K, committed 46016K, reserved 1114112K
[2025-10-06T21:20:51.059+0530][gc,heap,exit]   class space    used 5380K, committed 5760K, reserved 1048576K
