[2025-10-18T20:06:45.994+0530][gc,init] CardTable entry size: 512
[2025-10-18T20:06:45.995+0530][gc     ] Using G1
[2025-10-18T20:06:46.001+0530][gc,init] Version: 21.0.8+9-Debian-1 (release)
[2025-10-18T20:06:46.001+0530][gc,init] CPUs: 12 total, 12 available
[2025-10-18T20:06:46.001+0530][gc,init] Memory: 15720M
[2025-10-18T20:06:46.001+0530][gc,init] Large Page Support: Disabled
[2025-10-18T20:06:46.001+0530][gc,init] NUMA Support: Disabled
[2025-10-18T20:06:46.001+0530][gc,init] Compressed Oops: Enabled (32-bit)
[2025-10-18T20:06:46.001+0530][gc,init] Heap Region Size: 1M
[2025-10-18T20:06:46.001+0530][gc,init] Heap Min Capacity: 1G
[2025-10-18T20:06:46.001+0530][gc,init] Heap Initial Capacity: 1G
[2025-10-18T20:06:46.001+0530][gc,init] Heap Max Capacity: 1G
[2025-10-18T20:06:46.001+0530][gc,init] Pre-touch: Disabled
[2025-10-18T20:06:46.001+0530][gc,init] Parallel Workers: 10
[2025-10-18T20:06:46.001+0530][gc,init] Concurrent Workers: 3
[2025-10-18T20:06:46.001+0530][gc,init] Concurrent Refinement Workers: 10
[2025-10-18T20:06:46.001+0530][gc,init] Periodic GC: Disabled
[2025-10-18T20:06:46.008+0530][gc,metaspace] CDS archive(s) mapped at: [0x00007f2de7000000-0x00007f2de7ca0000-0x00007f2de7ca0000), size 13238272, SharedBaseAddress: 0x00007f2de7000000, ArchiveRelocationMode: 1.
[2025-10-18T20:06:46.008+0530][gc,metaspace] Compressed class space mapped at: 0x00007f2de8000000-0x00007f2e28000000, reserved size: 1073741824
[2025-10-18T20:06:46.009+0530][gc,metaspace] Narrow klass base: 0x00007f2de7000000, Narrow klass shift: 0, Narrow klass range: 0x100000000
[2025-10-18T20:06:46.540+0530][gc,start    ] GC(0) Pause Young (Normal) (G1 Evacuation Pause)
[2025-10-18T20:06:46.541+0530][gc,task     ] GC(0) Using 10 workers of 10 for evacuation
[2025-10-18T20:06:46.551+0530][gc,phases   ] GC(0)   Pre Evacuate Collection Set: 0.1ms
[2025-10-18T20:06:46.551+0530][gc,phases   ] GC(0)   Merge Heap Roots: 0.0ms
[2025-10-18T20:06:46.551+0530][gc,phases   ] GC(0)   Evacuate Collection Set: 9.1ms
[2025-10-18T20:06:46.551+0530][gc,phases   ] GC(0)   Post Evacuate Collection Set: 0.5ms
[2025-10-18T20:06:46.551+0530][gc,phases   ] GC(0)   Other: 0.7ms
[2025-10-18T20:06:46.551+0530][gc,heap     ] GC(0) Eden regions: 51->0(44)
[2025-10-18T20:06:46.551+0530][gc,heap     ] GC(0) Survivor regions: 0->7(7)
[2025-10-18T20:06:46.551+0530][gc,heap     ] GC(0) Old regions: 2->4
[2025-10-18T20:06:46.551+0530][gc,heap     ] GC(0) Humongous regions: 0->0
[2025-10-18T20:06:46.551+0530][gc,metaspace] GC(0) Metaspace: 15552K(15808K)->15552K(15808K) NonClass: 13813K(13952K)->13813K(13952K) Class: 1738K(1856K)->1738K(1856K)
[2025-10-18T20:06:46.551+0530][gc          ] GC(0) Pause Young (Normal) (G1 Evacuation Pause) 52M->9M(1024M) 10.519ms
[2025-10-18T20:06:46.551+0530][gc,cpu      ] GC(0) User=0.06s Sys=0.05s Real=0.01s
[2025-10-18T20:06:46.715+0530][gc,start    ] GC(1) Pause Young (Concurrent Start) (Metadata GC Threshold)
[2025-10-18T20:06:46.715+0530][gc,task     ] GC(1) Using 10 workers of 10 for evacuation
[2025-10-18T20:06:46.722+0530][gc,phases   ] GC(1)   Pre Evacuate Collection Set: 0.2ms
[2025-10-18T20:06:46.722+0530][gc,phases   ] GC(1)   Merge Heap Roots: 0.0ms
[2025-10-18T20:06:46.722+0530][gc,phases   ] GC(1)   Evacuate Collection Set: 7.0ms
[2025-10-18T20:06:46.722+0530][gc,phases   ] GC(1)   Post Evacuate Collection Set: 0.4ms
[2025-10-18T20:06:46.722+0530][gc,phases   ] GC(1)   Other: 0.0ms
[2025-10-18T20:06:46.722+0530][gc,heap     ] GC(1) Eden regions: 17->0(49)
[2025-10-18T20:06:46.722+0530][gc,heap     ] GC(1) Survivor regions: 7->2(7)
[2025-10-18T20:06:46.723+0530][gc,heap     ] GC(1) Old regions: 4->11
[2025-10-18T20:06:46.723+0530][gc,heap     ] GC(1) Humongous regions: 0->0
[2025-10-18T20:06:46.723+0530][gc,metaspace] GC(1) Metaspace: 21234K(21504K)->21234K(21504K) NonClass: 18671K(18816K)->18671K(18816K) Class: 2562K(2688K)->2562K(2688K)
[2025-10-18T20:06:46.723+0530][gc          ] GC(1) Pause Young (Concurrent Start) (Metadata GC Threshold) 26M->11M(1024M) 7.745ms
[2025-10-18T20:06:46.723+0530][gc,cpu      ] GC(1) User=0.01s Sys=0.05s Real=0.01s
[2025-10-18T20:06:46.723+0530][gc          ] GC(2) Concurrent Mark Cycle
[2025-10-18T20:06:46.723+0530][gc,marking  ] GC(2) Concurrent Scan Root Regions
[2025-10-18T20:06:46.724+0530][gc,marking  ] GC(2) Concurrent Scan Root Regions 1.362ms
[2025-10-18T20:06:46.724+0530][gc,marking  ] GC(2) Concurrent Mark
[2025-10-18T20:06:46.724+0530][gc,marking  ] GC(2) Concurrent Mark From Roots
[2025-10-18T20:06:46.724+0530][gc,task     ] GC(2) Using 3 workers of 3 for marking
[2025-10-18T20:06:46.725+0530][gc,marking  ] GC(2) Concurrent Mark From Roots 1.461ms
[2025-10-18T20:06:46.725+0530][gc,marking  ] GC(2) Concurrent Preclean
[2025-10-18T20:06:46.725+0530][gc,marking  ] GC(2) Concurrent Preclean 0.005ms
[2025-10-18T20:06:46.726+0530][gc,start    ] GC(2) Pause Remark
[2025-10-18T20:06:46.727+0530][gc          ] GC(2) Pause Remark 11M->11M(1024M) 0.955ms
[2025-10-18T20:06:46.727+0530][gc,cpu      ] GC(2) User=0.00s Sys=0.00s Real=0.00s
[2025-10-18T20:06:46.727+0530][gc,marking  ] GC(2) Concurrent Mark 2.562ms
[2025-10-18T20:06:46.727+0530][gc,marking  ] GC(2) Concurrent Rebuild Remembered Sets and Scrub Regions
[2025-10-18T20:06:46.728+0530][gc,marking  ] GC(2) Concurrent Rebuild Remembered Sets and Scrub Regions 1.034ms
[2025-10-18T20:06:46.728+0530][gc,start    ] GC(2) Pause Cleanup
[2025-10-18T20:06:46.728+0530][gc          ] GC(2) Pause Cleanup 12M->12M(1024M) 0.082ms
[2025-10-18T20:06:46.728+0530][gc,cpu      ] GC(2) User=0.00s Sys=0.00s Real=0.00s
[2025-10-18T20:06:46.728+0530][gc,marking  ] GC(2) Concurrent Clear Claimed Marks
[2025-10-18T20:06:46.728+0530][gc,marking  ] GC(2) Concurrent Clear Claimed Marks 0.012ms
[2025-10-18T20:06:46.728+0530][gc,marking  ] GC(2) Concurrent Cleanup for Next Mark
[2025-10-18T20:06:46.730+0530][gc,marking  ] GC(2) Concurrent Cleanup for Next Mark 2.562ms
[2025-10-18T20:06:46.730+0530][gc          ] GC(2) Concurrent Mark Cycle 7.830ms
[2025-10-18T20:06:47.199+0530][gc,start    ] GC(3) Pause Young (Prepare Mixed) (G1 Evacuation Pause)
[2025-10-18T20:06:47.199+0530][gc,task     ] GC(3) Using 10 workers of 10 for evacuation
[2025-10-18T20:06:47.201+0530][gc,phases   ] GC(3)   Pre Evacuate Collection Set: 0.3ms
[2025-10-18T20:06:47.201+0530][gc,phases   ] GC(3)   Merge Heap Roots: 0.0ms
[2025-10-18T20:06:47.201+0530][gc,phases   ] GC(3)   Evacuate Collection Set: 1.7ms
[2025-10-18T20:06:47.201+0530][gc,phases   ] GC(3)   Post Evacuate Collection Set: 0.3ms
[2025-10-18T20:06:47.201+0530][gc,phases   ] GC(3)   Other: 0.0ms
[2025-10-18T20:06:47.201+0530][gc,heap     ] GC(3) Eden regions: 49->0(45)
[2025-10-18T20:06:47.201+0530][gc,heap     ] GC(3) Survivor regions: 2->6(7)
[2025-10-18T20:06:47.201+0530][gc,heap     ] GC(3) Old regions: 11->11
[2025-10-18T20:06:47.201+0530][gc,heap     ] GC(3) Humongous regions: 0->0
[2025-10-18T20:06:47.201+0530][gc,metaspace] GC(3) Metaspace: 34012K(34432K)->34012K(34432K) NonClass: 30120K(30336K)->30120K(30336K) Class: 3892K(4096K)->3892K(4096K)
[2025-10-18T20:06:47.201+0530][gc          ] GC(3) Pause Young (Prepare Mixed) (G1 Evacuation Pause) 60M->15M(1024M) 2.461ms
[2025-10-18T20:06:47.201+0530][gc,cpu      ] GC(3) User=0.02s Sys=0.00s Real=0.00s
[2025-10-18T20:06:47.260+0530][gc,start    ] GC(4) Pause Young (Mixed) (Metadata GC Threshold)
[2025-10-18T20:06:47.260+0530][gc,task     ] GC(4) Using 10 workers of 10 for evacuation
[2025-10-18T20:06:47.268+0530][gc,phases   ] GC(4)   Pre Evacuate Collection Set: 0.1ms
[2025-10-18T20:06:47.268+0530][gc,phases   ] GC(4)   Merge Heap Roots: 0.0ms
[2025-10-18T20:06:47.268+0530][gc,phases   ] GC(4)   Evacuate Collection Set: 6.7ms
[2025-10-18T20:06:47.268+0530][gc,phases   ] GC(4)   Post Evacuate Collection Set: 0.3ms
[2025-10-18T20:06:47.268+0530][gc,phases   ] GC(4)   Other: 0.0ms
[2025-10-18T20:06:47.268+0530][gc,heap     ] GC(4) Eden regions: 8->0(50)
[2025-10-18T20:06:47.268+0530][gc,heap     ] GC(4) Survivor regions: 6->1(7)
[2025-10-18T20:06:47.268+0530][gc,heap     ] GC(4) Old regions: 11->16
[2025-10-18T20:06:47.268+0530][gc,heap     ] GC(4) Humongous regions: 9->9
[2025-10-18T20:06:47.268+0530][gc,metaspace] GC(4) Metaspace: 35692K(36160K)->35692K(36160K) NonClass: 31571K(31872K)->31571K(31872K) Class: 4120K(4288K)->4120K(4288K)
[2025-10-18T20:06:47.268+0530][gc          ] GC(4) Pause Young (Mixed) (Metadata GC Threshold) 31M->25M(1024M) 7.326ms
[2025-10-18T20:06:47.268+0530][gc,cpu      ] GC(4) User=0.03s Sys=0.03s Real=0.01s
[2025-10-18T20:06:47.279+0530][gc,start    ] GC(5) Pause Young (Concurrent Start) (Metadata GC Threshold)
[2025-10-18T20:06:47.279+0530][gc,task     ] GC(5) Using 10 workers of 10 for evacuation
[2025-10-18T20:06:47.280+0530][gc,phases   ] GC(5)   Pre Evacuate Collection Set: 0.2ms
[2025-10-18T20:06:47.280+0530][gc,phases   ] GC(5)   Merge Heap Roots: 0.0ms
[2025-10-18T20:06:47.280+0530][gc,phases   ] GC(5)   Evacuate Collection Set: 0.5ms
[2025-10-18T20:06:47.280+0530][gc,phases   ] GC(5)   Post Evacuate Collection Set: 0.1ms
[2025-10-18T20:06:47.280+0530][gc,phases   ] GC(5)   Other: 0.0ms
[2025-10-18T20:06:47.280+0530][gc,heap     ] GC(5) Eden regions: 2->0(50)
[2025-10-18T20:06:47.280+0530][gc,heap     ] GC(5) Survivor regions: 1->1(7)
[2025-10-18T20:06:47.280+0530][gc,heap     ] GC(5) Old regions: 16->16
[2025-10-18T20:06:47.280+0530][gc,heap     ] GC(5) Humongous regions: 9->9
[2025-10-18T20:06:47.280+0530][gc,metaspace] GC(5) Metaspace: 36012K(36480K)->36012K(36480K) NonClass: 31863K(32128K)->31863K(32128K) Class: 4149K(4352K)->4149K(4352K)
[2025-10-18T20:06:47.280+0530][gc          ] GC(5) Pause Young (Concurrent Start) (Metadata GC Threshold) 26M->24M(1024M) 0.950ms
[2025-10-18T20:06:47.280+0530][gc,cpu      ] GC(5) User=0.00s Sys=0.00s Real=0.00s
[2025-10-18T20:06:47.280+0530][gc          ] GC(6) Concurrent Mark Cycle
[2025-10-18T20:06:47.280+0530][gc,marking  ] GC(6) Concurrent Scan Root Regions
[2025-10-18T20:06:47.280+0530][gc,marking  ] GC(6) Concurrent Scan Root Regions 0.566ms
[2025-10-18T20:06:47.280+0530][gc,marking  ] GC(6) Concurrent Mark
[2025-10-18T20:06:47.280+0530][gc,marking  ] GC(6) Concurrent Mark From Roots
[2025-10-18T20:06:47.280+0530][gc,task     ] GC(6) Using 3 workers of 3 for marking
[2025-10-18T20:06:47.286+0530][gc,marking  ] GC(6) Concurrent Mark From Roots 6.230ms
[2025-10-18T20:06:47.287+0530][gc,marking  ] GC(6) Concurrent Preclean
[2025-10-18T20:06:47.287+0530][gc,marking  ] GC(6) Concurrent Preclean 0.047ms
[2025-10-18T20:06:47.287+0530][gc,start    ] GC(6) Pause Remark
[2025-10-18T20:06:47.288+0530][gc          ] GC(6) Pause Remark 25M->25M(1024M) 1.041ms
[2025-10-18T20:06:47.288+0530][gc,cpu      ] GC(6) User=0.01s Sys=0.00s Real=0.00s
[2025-10-18T20:06:47.288+0530][gc,marking  ] GC(6) Concurrent Mark 7.628ms
[2025-10-18T20:06:47.288+0530][gc,marking  ] GC(6) Concurrent Rebuild Remembered Sets and Scrub Regions
[2025-10-18T20:06:47.291+0530][gc,marking  ] GC(6) Concurrent Rebuild Remembered Sets and Scrub Regions 2.875ms
[2025-10-18T20:06:47.291+0530][gc,start    ] GC(6) Pause Cleanup
[2025-10-18T20:06:47.291+0530][gc          ] GC(6) Pause Cleanup 26M->26M(1024M) 0.099ms
[2025-10-18T20:06:47.291+0530][gc,cpu      ] GC(6) User=0.00s Sys=0.00s Real=0.00s
[2025-10-18T20:06:47.291+0530][gc,marking  ] GC(6) Concurrent Clear Claimed Marks
[2025-10-18T20:06:47.291+0530][gc,marking  ] GC(6) Concurrent Clear Claimed Marks 0.042ms
[2025-10-18T20:06:47.291+0530][gc,marking  ] GC(6) Concurrent Cleanup for Next Mark
[2025-10-18T20:06:47.292+0530][gc,marking  ] GC(6) Concurrent Cleanup for Next Mark 0.840ms
[2025-10-18T20:06:47.292+0530][gc          ] GC(6) Concurrent Mark Cycle 12.280ms
[2025-10-18T20:06:47.547+0530][gc,start    ] GC(7) Pause Young (Prepare Mixed) (G1 Evacuation Pause)
[2025-10-18T20:06:47.547+0530][gc,task     ] GC(7) Using 10 workers of 10 for evacuation
[2025-10-18T20:06:47.550+0530][gc,phases   ] GC(7)   Pre Evacuate Collection Set: 0.1ms
[2025-10-18T20:06:47.550+0530][gc,phases   ] GC(7)   Merge Heap Roots: 0.0ms
[2025-10-18T20:06:47.550+0530][gc,phases   ] GC(7)   Evacuate Collection Set: 1.9ms
[2025-10-18T20:06:47.550+0530][gc,phases   ] GC(7)   Post Evacuate Collection Set: 0.4ms
[2025-10-18T20:06:47.550+0530][gc,phases   ] GC(7)   Other: 0.0ms
[2025-10-18T20:06:47.550+0530][gc,heap     ] GC(7) Eden regions: 50->0(44)
[2025-10-18T20:06:47.550+0530][gc,heap     ] GC(7) Survivor regions: 1->7(7)
[2025-10-18T20:06:47.550+0530][gc,heap     ] GC(7) Old regions: 16->17
[2025-10-18T20:06:47.550+0530][gc,heap     ] GC(7) Humongous regions: 138->138
[2025-10-18T20:06:47.550+0530][gc,metaspace] GC(7) Metaspace: 43405K(44160K)->43405K(44160K) NonClass: 38340K(38784K)->38340K(38784K) Class: 5064K(5376K)->5064K(5376K)
[2025-10-18T20:06:47.550+0530][gc          ] GC(7) Pause Young (Prepare Mixed) (G1 Evacuation Pause) 203M->161M(1024M) 2.503ms
[2025-10-18T20:06:47.550+0530][gc,cpu      ] GC(7) User=0.02s Sys=0.00s Real=0.00s
[2025-10-18T20:13:58.931+0530][gc,start    ] GC(8) Pause Young (Mixed) (G1 Evacuation Pause)
[2025-10-18T20:13:58.931+0530][gc,task     ] GC(8) Using 10 workers of 10 for evacuation
[2025-10-18T20:13:58.940+0530][gc,phases   ] GC(8)   Pre Evacuate Collection Set: 0.2ms
[2025-10-18T20:13:58.940+0530][gc,phases   ] GC(8)   Merge Heap Roots: 0.0ms
[2025-10-18T20:13:58.940+0530][gc,phases   ] GC(8)   Evacuate Collection Set: 8.6ms
[2025-10-18T20:13:58.940+0530][gc,phases   ] GC(8)   Post Evacuate Collection Set: 0.4ms
[2025-10-18T20:13:58.940+0530][gc,phases   ] GC(8)   Other: 0.0ms
[2025-10-18T20:13:58.940+0530][gc,heap     ] GC(8) Eden regions: 44->0(49)
[2025-10-18T20:13:58.940+0530][gc,heap     ] GC(8) Survivor regions: 7->2(7)
[2025-10-18T20:13:58.940+0530][gc,heap     ] GC(8) Old regions: 17->24
[2025-10-18T20:13:58.940+0530][gc,heap     ] GC(8) Humongous regions: 138->138
[2025-10-18T20:13:58.940+0530][gc,metaspace] GC(8) Metaspace: 46938K(47936K)->46938K(47936K) NonClass: 41489K(42048K)->41489K(42048K) Class: 5449K(5888K)->5449K(5888K)
[2025-10-18T20:13:58.940+0530][gc          ] GC(8) Pause Young (Mixed) (G1 Evacuation Pause) 205M->163M(1024M) 9.449ms
[2025-10-18T20:13:58.941+0530][gc,cpu      ] GC(8) User=0.00s Sys=0.08s Real=0.01s
[2025-10-18T20:20:06.739+0530][gc,start    ] GC(9) Pause Young (Normal) (G1 Evacuation Pause)
[2025-10-18T20:20:06.740+0530][gc,task     ] GC(9) Using 10 workers of 10 for evacuation
[2025-10-18T20:20:06.744+0530][gc,phases   ] GC(9)   Pre Evacuate Collection Set: 0.4ms
[2025-10-18T20:20:06.744+0530][gc,phases   ] GC(9)   Merge Heap Roots: 0.2ms
[2025-10-18T20:20:06.744+0530][gc,phases   ] GC(9)   Evacuate Collection Set: 3.3ms
[2025-10-18T20:20:06.744+0530][gc,phases   ] GC(9)   Post Evacuate Collection Set: 0.6ms
[2025-10-18T20:20:06.744+0530][gc,phases   ] GC(9)   Other: 0.1ms
[2025-10-18T20:20:06.744+0530][gc,heap     ] GC(9) Eden regions: 49->0(47)
[2025-10-18T20:20:06.744+0530][gc,heap     ] GC(9) Survivor regions: 2->4(7)
[2025-10-18T20:20:06.744+0530][gc,heap     ] GC(9) Old regions: 24->24
[2025-10-18T20:20:06.744+0530][gc,heap     ] GC(9) Humongous regions: 140->140
[2025-10-18T20:20:06.744+0530][gc,metaspace] GC(9) Metaspace: 49618K(50752K)->49618K(50752K) NonClass: 43812K(44416K)->43812K(44416K) Class: 5806K(6336K)->5806K(6336K)
[2025-10-18T20:20:06.744+0530][gc          ] GC(9) Pause Young (Normal) (G1 Evacuation Pause) 214M->167M(1024M) 4.742ms
[2025-10-18T20:20:06.744+0530][gc,cpu      ] GC(9) User=0.03s Sys=0.00s Real=0.01s
[2025-10-18T20:26:02.613+0530][gc,start    ] GC(10) Pause Young (Normal) (G1 Evacuation Pause)
[2025-10-18T20:26:02.613+0530][gc,task     ] GC(10) Using 10 workers of 10 for evacuation
[2025-10-18T20:26:02.618+0530][gc,phases   ] GC(10)   Pre Evacuate Collection Set: 0.3ms
[2025-10-18T20:26:02.618+0530][gc,phases   ] GC(10)   Merge Heap Roots: 0.1ms
[2025-10-18T20:26:02.618+0530][gc,phases   ] GC(10)   Evacuate Collection Set: 3.4ms
[2025-10-18T20:26:02.618+0530][gc,phases   ] GC(10)   Post Evacuate Collection Set: 0.9ms
[2025-10-18T20:26:02.618+0530][gc,phases   ] GC(10)   Other: 0.1ms
[2025-10-18T20:26:02.618+0530][gc,heap     ] GC(10) Eden regions: 47->0(46)
[2025-10-18T20:26:02.618+0530][gc,heap     ] GC(10) Survivor regions: 4->5(7)
[2025-10-18T20:26:02.618+0530][gc,heap     ] GC(10) Old regions: 24->24
[2025-10-18T20:26:02.618+0530][gc,heap     ] GC(10) Humongous regions: 141->141
[2025-10-18T20:26:02.618+0530][gc,metaspace] GC(10) Metaspace: 50377K(51520K)->50377K(51520K) NonClass: 44487K(45120K)->44487K(45120K) Class: 5890K(6400K)->5890K(6400K)
[2025-10-18T20:26:02.618+0530][gc          ] GC(10) Pause Young (Normal) (G1 Evacuation Pause) 215M->169M(1024M) 5.059ms
[2025-10-18T20:26:02.618+0530][gc,cpu      ] GC(10) User=0.04s Sys=0.00s Real=0.01s
[2025-10-18T20:30:18.018+0530][gc,start    ] GC(11) Pause Young (Normal) (G1 Evacuation Pause)
[2025-10-18T20:30:18.018+0530][gc,task     ] GC(11) Using 10 workers of 10 for evacuation
[2025-10-18T20:30:18.022+0530][gc,phases   ] GC(11)   Pre Evacuate Collection Set: 0.4ms
[2025-10-18T20:30:18.022+0530][gc,phases   ] GC(11)   Merge Heap Roots: 0.1ms
[2025-10-18T20:30:18.022+0530][gc,phases   ] GC(11)   Evacuate Collection Set: 3.6ms
[2025-10-18T20:30:18.022+0530][gc,phases   ] GC(11)   Post Evacuate Collection Set: 0.4ms
[2025-10-18T20:30:18.022+0530][gc,phases   ] GC(11)   Other: 0.0ms
[2025-10-18T20:30:18.022+0530][gc,heap     ] GC(11) Eden regions: 46->0(45)
[2025-10-18T20:30:18.022+0530][gc,heap     ] GC(11) Survivor regions: 5->6(7)
[2025-10-18T20:30:18.022+0530][gc,heap     ] GC(11) Old regions: 24->25
[2025-10-18T20:30:18.022+0530][gc,heap     ] GC(11) Humongous regions: 145->145
[2025-10-18T20:30:18.022+0530][gc,metaspace] GC(11) Metaspace: 51100K(52288K)->51100K(52288K) NonClass: 45151K(45824K)->45151K(45824K) Class: 5949K(6464K)->5949K(6464K)
[2025-10-18T20:30:18.022+0530][gc          ] GC(11) Pause Young (Normal) (G1 Evacuation Pause) 219M->175M(1024M) 4.690ms
[2025-10-18T20:30:18.022+0530][gc,cpu      ] GC(11) User=0.04s Sys=0.00s Real=0.00s
[2025-10-18T20:32:14.227+0530][gc,start    ] GC(12) Pause Young (Normal) (G1 Evacuation Pause)
[2025-10-18T20:32:14.227+0530][gc,task     ] GC(12) Using 10 workers of 10 for evacuation
[2025-10-18T20:32:14.233+0530][gc,phases   ] GC(12)   Pre Evacuate Collection Set: 0.4ms
[2025-10-18T20:32:14.233+0530][gc,phases   ] GC(12)   Merge Heap Roots: 0.1ms
[2025-10-18T20:32:14.233+0530][gc,phases   ] GC(12)   Evacuate Collection Set: 4.6ms
[2025-10-18T20:32:14.233+0530][gc,phases   ] GC(12)   Post Evacuate Collection Set: 0.3ms
[2025-10-18T20:32:14.233+0530][gc,phases   ] GC(12)   Other: 0.1ms
[2025-10-18T20:32:14.233+0530][gc,heap     ] GC(12) Eden regions: 45->0(51)
[2025-10-18T20:32:14.233+0530][gc,heap     ] GC(12) Survivor regions: 6->5(7)
[2025-10-18T20:32:14.233+0530][gc,heap     ] GC(12) Old regions: 25->28
[2025-10-18T20:32:14.233+0530][gc,heap     ] GC(12) Humongous regions: 145->145
[2025-10-18T20:32:14.233+0530][gc,metaspace] GC(12) Metaspace: 51155K(52288K)->51155K(52288K) NonClass: 45202K(45824K)->45202K(45824K) Class: 5952K(6464K)->5952K(6464K)
[2025-10-18T20:32:14.233+0530][gc          ] GC(12) Pause Young (Normal) (G1 Evacuation Pause) 220M->176M(1024M) 5.787ms
[2025-10-18T20:32:14.233+0530][gc,cpu      ] GC(12) User=0.05s Sys=0.00s Real=0.00s
[2025-10-18T20:34:18.578+0530][gc,start    ] GC(13) Pause Young (Normal) (G1 Evacuation Pause)
[2025-10-18T20:34:18.578+0530][gc,task     ] GC(13) Using 10 workers of 10 for evacuation
[2025-10-18T20:34:18.582+0530][gc,phases   ] GC(13)   Pre Evacuate Collection Set: 0.2ms
[2025-10-18T20:34:18.583+0530][gc,phases   ] GC(13)   Merge Heap Roots: 0.1ms
[2025-10-18T20:34:18.583+0530][gc,phases   ] GC(13)   Evacuate Collection Set: 3.1ms
[2025-10-18T20:34:18.583+0530][gc,phases   ] GC(13)   Post Evacuate Collection Set: 0.5ms
[2025-10-18T20:34:18.583+0530][gc,phases   ] GC(13)   Other: 0.1ms
[2025-10-18T20:34:18.583+0530][gc,heap     ] GC(13) Eden regions: 47->0(101)
[2025-10-18T20:34:18.583+0530][gc,heap     ] GC(13) Survivor regions: 5->4(7)
[2025-10-18T20:34:18.583+0530][gc,heap     ] GC(13) Old regions: 28->28
[2025-10-18T20:34:18.583+0530][gc,heap     ] GC(13) Humongous regions: 145->145
[2025-10-18T20:34:18.583+0530][gc,metaspace] GC(13) Metaspace: 51183K(52352K)->51183K(52352K) NonClass: 45230K(45888K)->45230K(45888K) Class: 5953K(6464K)->5953K(6464K)
[2025-10-18T20:34:18.583+0530][gc          ] GC(13) Pause Young (Normal) (G1 Evacuation Pause) 223M->176M(1024M) 4.265ms
[2025-10-18T20:34:18.583+0530][gc,cpu      ] GC(13) User=0.04s Sys=0.00s Real=0.00s
[2025-10-18T20:39:23.360+0530][gc,start    ] GC(14) Pause Young (Normal) (G1 Evacuation Pause)
[2025-10-18T20:39:23.360+0530][gc,task     ] GC(14) Using 10 workers of 10 for evacuation
[2025-10-18T20:39:23.367+0530][gc,phases   ] GC(14)   Pre Evacuate Collection Set: 0.4ms
[2025-10-18T20:39:23.367+0530][gc,phases   ] GC(14)   Merge Heap Roots: 0.1ms
[2025-10-18T20:39:23.367+0530][gc,phases   ] GC(14)   Evacuate Collection Set: 5.5ms
[2025-10-18T20:39:23.367+0530][gc,phases   ] GC(14)   Post Evacuate Collection Set: 0.4ms
[2025-10-18T20:39:23.367+0530][gc,phases   ] GC(14)   Other: 0.7ms
[2025-10-18T20:39:23.367+0530][gc,heap     ] GC(14) Eden regions: 104->0(211)
[2025-10-18T20:39:23.367+0530][gc,heap     ] GC(14) Survivor regions: 4->5(14)
[2025-10-18T20:39:23.367+0530][gc,heap     ] GC(14) Old regions: 28->28
[2025-10-18T20:39:23.367+0530][gc,heap     ] GC(14) Humongous regions: 145->145
[2025-10-18T20:39:23.367+0530][gc,metaspace] GC(14) Metaspace: 51208K(52352K)->51208K(52352K) NonClass: 45255K(45888K)->45255K(45888K) Class: 5953K(6464K)->5953K(6464K)
[2025-10-18T20:39:23.367+0530][gc          ] GC(14) Pause Young (Normal) (G1 Evacuation Pause) 280M->177M(1024M) 7.229ms
[2025-10-18T20:39:23.367+0530][gc,cpu      ] GC(14) User=0.06s Sys=0.00s Real=0.01s
[2025-10-18T20:50:08.312+0530][gc,start    ] GC(15) Pause Young (Normal) (G1 Evacuation Pause)
[2025-10-18T20:50:08.313+0530][gc,task     ] GC(15) Using 10 workers of 10 for evacuation
[2025-10-18T20:50:08.319+0530][gc,phases   ] GC(15)   Pre Evacuate Collection Set: 0.4ms
[2025-10-18T20:50:08.319+0530][gc,phases   ] GC(15)   Merge Heap Roots: 0.1ms
[2025-10-18T20:50:08.319+0530][gc,phases   ] GC(15)   Evacuate Collection Set: 5.8ms
[2025-10-18T20:50:08.319+0530][gc,phases   ] GC(15)   Post Evacuate Collection Set: 0.3ms
[2025-10-18T20:50:08.319+0530][gc,phases   ] GC(15)   Other: 0.1ms
[2025-10-18T20:50:08.319+0530][gc,heap     ] GC(15) Eden regions: 223->0(215)
[2025-10-18T20:50:08.319+0530][gc,heap     ] GC(15) Survivor regions: 5->8(29)
[2025-10-18T20:50:08.319+0530][gc,heap     ] GC(15) Old regions: 28->28
[2025-10-18T20:50:08.319+0530][gc,heap     ] GC(15) Humongous regions: 145->145
[2025-10-18T20:50:08.319+0530][gc,metaspace] GC(15) Metaspace: 51413K(52608K)->51413K(52608K) NonClass: 45434K(46080K)->45434K(46080K) Class: 5979K(6528K)->5979K(6528K)
[2025-10-18T20:50:08.320+0530][gc          ] GC(15) Pause Young (Normal) (G1 Evacuation Pause) 400M->179M(1024M) 7.713ms
[2025-10-18T20:50:08.320+0530][gc,cpu      ] GC(15) User=0.01s Sys=0.05s Real=0.01s
[2025-10-18T21:00:50.007+0530][gc,start    ] GC(16) Pause Young (Normal) (G1 Evacuation Pause)
[2025-10-18T21:00:50.007+0530][gc,task     ] GC(16) Using 10 workers of 10 for evacuation
[2025-10-18T21:00:50.010+0530][gc,phases   ] GC(16)   Pre Evacuate Collection Set: 0.2ms
[2025-10-18T21:00:50.010+0530][gc,phases   ] GC(16)   Merge Heap Roots: 0.1ms
[2025-10-18T21:00:50.010+0530][gc,phases   ] GC(16)   Evacuate Collection Set: 2.3ms
[2025-10-18T21:00:50.010+0530][gc,phases   ] GC(16)   Post Evacuate Collection Set: 0.3ms
[2025-10-18T21:00:50.010+0530][gc,phases   ] GC(16)   Other: 0.0ms
[2025-10-18T21:00:50.010+0530][gc,heap     ] GC(16) Eden regions: 215->0(348)
[2025-10-18T21:00:50.010+0530][gc,heap     ] GC(16) Survivor regions: 8->10(28)
[2025-10-18T21:00:50.010+0530][gc,heap     ] GC(16) Old regions: 28->28
[2025-10-18T21:00:50.010+0530][gc,heap     ] GC(16) Humongous regions: 145->145
[2025-10-18T21:00:50.010+0530][gc,metaspace] GC(16) Metaspace: 51439K(52608K)->51439K(52608K) NonClass: 45460K(46080K)->45460K(46080K) Class: 5979K(6528K)->5979K(6528K)
[2025-10-18T21:00:50.010+0530][gc          ] GC(16) Pause Young (Normal) (G1 Evacuation Pause) 394M->182M(1024M) 3.160ms
[2025-10-18T21:00:50.010+0530][gc,cpu      ] GC(16) User=0.03s Sys=0.00s Real=0.00s
[2025-10-18T21:02:24.756+0530][gc,heap,exit] Heap
[2025-10-18T21:02:24.756+0530][gc,heap,exit]  garbage-first heap   total 1048576K, used 246931K [0x00000000c0000000, 0x0000000100000000)
[2025-10-18T21:02:24.756+0530][gc,heap,exit]   region size 1024K, 69 young (70656K), 10 survivors (10240K)
[2025-10-18T21:02:24.756+0530][gc,heap,exit]  Metaspace       used 52782K, committed 53952K, reserved 1114112K
[2025-10-18T21:02:24.756+0530][gc,heap,exit]   class space    used 6235K, committed 6784K, reserved 1048576K
